Component: ARM Compiler 5.06 update 4 (build 422) Tool: armlink [4d35d2]

==============================================================================

Section Cross References

    main.o(i.main) refers to bsp.o(i.bsp_init) for bsp_init
    main.o(i.main) refers to sysinfo.o(i.vSetupSysInfoTest) for vSetupSysInfoTest
    main.o(i.main) refers to task_control.o(i.AppTaskCreate) for AppTaskCreate
    main.o(i.main) refers to task_control.o(i.AppObjCreate) for AppObjCreate
    main.o(i.main) refers to tasks.o(i.vTaskStartScheduler) for vTaskStartScheduler
    task_control.o(i.AppObjCreate) refers to event_groups.o(i.xEventGroupCreate) for xEventGroupCreate
    task_control.o(i.AppObjCreate) refers to task_control.o(.data) for xCreatedEventGroup
    task_control.o(i.AppTaskCreate) refers to tasks.o(i.xTaskGenericCreate) for xTaskGenericCreate
    task_control.o(i.AppTaskCreate) refers to task_control.o(.data) for xHandleTaskSPIFLASH
    task_control.o(i.AppTaskCreate) refers to task_control.o(i.vTaskSPIFLASH) for vTaskSPIFLASH
    task_control.o(i.AppTaskCreate) refers to task_control.o(i.vTaskUART) for vTaskUART
    task_control.o(i.AppTaskCreate) refers to task_control.o(i.vTaskLED) for vTaskLED
    task_control.o(i.EXTI2_IRQHandler) refers to stm32f10x_gpio.o(i.GPIO_ReadInputDataBit) for GPIO_ReadInputDataBit
    task_control.o(i.EXTI2_IRQHandler) refers to stm32f10x_gpio.o(i.GPIO_SetBits) for GPIO_SetBits
    task_control.o(i.EXTI2_IRQHandler) refers to stm32f10x_exti.o(i.EXTI_ClearITPendingBit) for EXTI_ClearITPendingBit
    task_control.o(i.vApplicationStackOverflowHook) refers to _printf_percent.o(.ARM.Collect$$_printf_percent$$00000000) for _printf_percent
    task_control.o(i.vApplicationStackOverflowHook) refers to _printf_s.o(.ARM.Collect$$_printf_percent$$00000014) for _printf_s
    task_control.o(i.vApplicationStackOverflowHook) refers to _printf_str.o(.text) for _printf_str
    task_control.o(i.vApplicationStackOverflowHook) refers to noretval__2printf.o(.text) for __2printf
    task_control.o(i.vTaskLED) refers to bsp_adc.o(i.Get_Temprate) for Get_Temprate
    task_control.o(i.vTaskLED) refers to task_control.o(.data) for tem
    task_control.o(i.vTaskSPIFLASH) refers to event_groups.o(i.xEventGroupSetBits) for xEventGroupSetBits
    task_control.o(i.vTaskSPIFLASH) refers to sst25vf016b.o(i.SST25_W_BLOCK) for SST25_W_BLOCK
    task_control.o(i.vTaskSPIFLASH) refers to task_control.o(i.Delay) for Delay
    task_control.o(i.vTaskSPIFLASH) refers to sst25vf016b.o(i.SST25_R_BLOCK) for SST25_R_BLOCK
    task_control.o(i.vTaskSPIFLASH) refers to task_control.o(.data) for xCreatedEventGroup
    task_control.o(i.vTaskSPIFLASH) refers to task_control.o(.bss) for SST25_buffer
    task_control.o(i.vTaskUART) refers to _printf_percent.o(.ARM.Collect$$_printf_percent$$00000000) for _printf_percent
    task_control.o(i.vTaskUART) refers to _printf_s.o(.ARM.Collect$$_printf_percent$$00000014) for _printf_s
    task_control.o(i.vTaskUART) refers to _printf_str.o(.text) for _printf_str
    task_control.o(i.vTaskUART) refers to event_groups.o(i.xEventGroupWaitBits) for xEventGroupWaitBits
    task_control.o(i.vTaskUART) refers to noretval__2printf.o(.text) for __2printf
    task_control.o(i.vTaskUART) refers to tasks.o(i.vTaskList) for vTaskList
    task_control.o(i.vTaskUART) refers to tasks.o(i.vTaskGetRunTimeStats) for vTaskGetRunTimeStats
    task_control.o(i.vTaskUART) refers to task_control.o(.data) for xCreatedEventGroup
    sysinfo.o(i.TIM6_IRQHandler) refers to stm32f10x_tim.o(i.TIM_GetITStatus) for TIM_GetITStatus
    sysinfo.o(i.TIM6_IRQHandler) refers to stm32f10x_tim.o(i.TIM_ClearITPendingBit) for TIM_ClearITPendingBit
    sysinfo.o(i.TIM6_IRQHandler) refers to sysinfo.o(.data) for ulHighFrequencyTimerTicks
    sysinfo.o(i.bsp_SetTIMforInt) refers to sysinfo.o(i.bsp_GetRCCofTIM) for bsp_GetRCCofTIM
    sysinfo.o(i.bsp_SetTIMforInt) refers to stm32f10x_rcc.o(i.RCC_APB2PeriphClockCmd) for RCC_APB2PeriphClockCmd
    sysinfo.o(i.bsp_SetTIMforInt) refers to stm32f10x_rcc.o(i.RCC_APB1PeriphClockCmd) for RCC_APB1PeriphClockCmd
    sysinfo.o(i.bsp_SetTIMforInt) refers to stm32f10x_tim.o(i.TIM_Cmd) for TIM_Cmd
    sysinfo.o(i.bsp_SetTIMforInt) refers to misc.o(i.NVIC_Init) for NVIC_Init
    sysinfo.o(i.bsp_SetTIMforInt) refers to stm32f10x_tim.o(i.TIM_TimeBaseInit) for TIM_TimeBaseInit
    sysinfo.o(i.bsp_SetTIMforInt) refers to stm32f10x_tim.o(i.TIM_ARRPreloadConfig) for TIM_ARRPreloadConfig
    sysinfo.o(i.bsp_SetTIMforInt) refers to stm32f10x_tim.o(i.TIM_ITConfig) for TIM_ITConfig
    sysinfo.o(i.bsp_SetTIMforInt) refers to system_stm32f10x.o(.data) for SystemCoreClock
    sysinfo.o(i.vSetupSysInfoTest) refers to sysinfo.o(i.bsp_SetTIMforInt) for bsp_SetTIMforInt
    bsp.o(i.bsp_init) refers to _printf_pad.o(.text) for _printf_pre_padding
    bsp.o(i.bsp_init) refers to _printf_percent.o(.ARM.Collect$$_printf_percent$$00000000) for _printf_percent
[...]
    ff.o(i.dir_clear) refers to ff.o(i.clst2sect) for clst2sect
    ff.o(i.dir_clear) refers to ff.o(i.mem_set) for mem_set
    ff.o(i.dir_clear) refers to diskio.o(i.disk_write) for disk_write
    ff.o(i.dir_find) refers to ff.o(i.dir_sdi) for dir_sdi
    ff.o(i.dir_find) refers to ff.o(i.move_window) for move_window
    ff.o(i.dir_find) refers to ff.o(i.cmp_lfn) for cmp_lfn
    ff.o(i.dir_find) refers to ff.o(i.sum_sfn) for sum_sfn
    ff.o(i.dir_find) refers to ff.o(i.mem_cmp) for mem_cmp
    ff.o(i.dir_find) refers to ff.o(i.dir_next) for dir_next
    ff.o(i.dir_next) refers to ff.o(i.get_fat) for get_fat
    ff.o(i.dir_next) refers to ff.o(i.create_chain) for create_chain
    ff.o(i.dir_next) refers to ff.o(i.dir_clear) for dir_clear
    ff.o(i.dir_next) refers to ff.o(i.clst2sect) for clst2sect
    ff.o(i.dir_read) refers to ff.o(i.move_window) for move_window
    ff.o(i.dir_read) refers to ff.o(i.pick_lfn) for pick_lfn
    ff.o(i.dir_read) refers to ff.o(i.sum_sfn) for sum_sfn
    ff.o(i.dir_read) refers to ff.o(i.dir_next) for dir_next
    ff.o(i.dir_register) refers to ff.o(i.mem_cpy) for mem_cpy
    ff.o(i.dir_register) refers to ff.o(i.gen_numname) for gen_numname
    ff.o(i.dir_register) refers to ff.o(i.dir_find) for dir_find
    ff.o(i.dir_register) refers to ff.o(i.dir_alloc) for dir_alloc
    ff.o(i.dir_register) refers to ff.o(i.dir_sdi) for dir_sdi
    ff.o(i.dir_register) refers to ff.o(i.sum_sfn) for sum_sfn
    ff.o(i.dir_register) refers to ff.o(i.move_window) for move_window
    ff.o(i.dir_register) refers to ff.o(i.put_lfn) for put_lfn
    ff.o(i.dir_register) refers to ff.o(i.dir_next) for dir_next
    ff.o(i.dir_register) refers to ff.o(i.mem_set) for mem_set
    ff.o(i.dir_remove) refers to ff.o(i.dir_sdi) for dir_sdi
    ff.o(i.dir_remove) refers to ff.o(i.move_window) for move_window
    ff.o(i.dir_remove) refers to ff.o(i.dir_next) for dir_next
    ff.o(i.dir_sdi) refers to ff.o(i.get_fat) for get_fat
    ff.o(i.dir_sdi) refers to ff.o(i.clst2sect) for clst2sect
    ff.o(i.f_close) refers to ff.o(i.f_sync) for f_sync
    ff.o(i.f_close) refers to ff.o(i.validate) for validate
    ff.o(i.f_closedir) refers to ff.o(i.validate) for validate
    ff.o(i.f_findfirst) refers to ff.o(i.f_opendir) for f_opendir
    ff.o(i.f_findfirst) refers to ff.o(i.f_findnext) for f_findnext
    ff.o(i.f_findnext) refers to ff.o(i.f_readdir) for f_readdir
    ff.o(i.f_findnext) refers to ff.o(i.pattern_matching) for pattern_matching
    ff.o(i.f_getfree) refers to ff.o(i.find_volume) for find_volume
    ff.o(i.f_getfree) refers to ff.o(i.get_fat) for get_fat
    ff.o(i.f_getfree) refers to ff.o(i.move_window) for move_window
    ff.o(i.f_getfree) refers to ff.o(i.ld_word) for ld_word
    ff.o(i.f_getfree) refers to ff.o(i.ld_dword) for ld_dword
    ff.o(i.f_getlabel) refers to ff.o(i.find_volume) for find_volume
    ff.o(i.f_getlabel) refers to ff.o(i.dir_sdi) for dir_sdi
    ff.o(i.f_getlabel) refers to ff.o(i.dir_read) for dir_read
    ff.o(i.f_getlabel) refers to ff.o(i.move_window) for move_window
    ff.o(i.f_getlabel) refers to ff.o(i.ld_dword) for ld_dword
    ff.o(i.f_gets) refers to ff.o(i.f_read) for f_read
    ff.o(i.f_lseek) refers to ff.o(i.validate) for validate
    ff.o(i.f_lseek) refers to ff.o(i.get_fat) for get_fat
    ff.o(i.f_lseek) refers to ff.o(i.clmt_clust) for clmt_clust
    ff.o(i.f_lseek) refers to ff.o(i.clst2sect) for clst2sect
    ff.o(i.f_lseek) refers to diskio.o(i.disk_write) for disk_write
    ff.o(i.f_lseek) refers to diskio.o(i.disk_read) for disk_read
    ff.o(i.f_lseek) refers to ff.o(i.create_chain) for create_chain
    ff.o(i.f_mkdir) refers to ff.o(i.find_volume) for find_volume
    ff.o(i.f_mkdir) refers to ff.o(i.follow_path) for follow_path
    ff.o(i.f_mkdir) refers to ff.o(i.create_chain) for create_chain
    ff.o(i.f_mkdir) refers to ff.o(i.sync_window) for sync_window
    ff.o(i.f_mkdir) refers to diskio.o(i.get_fattime) for get_fattime
    ff.o(i.f_mkdir) refers to ff.o(i.dir_clear) for dir_clear
    ff.o(i.f_mkdir) refers to ff.o(i.mem_set) for mem_set
    ff.o(i.f_mkdir) refers to ff.o(i.st_dword) for st_dword
    ff.o(i.f_mkdir) refers to ff.o(i.st_clust) for st_clust
    ff.o(i.f_mkdir) refers to ff.o(i.mem_cpy) for mem_cpy
    ff.o(i.f_mkdir) refers to ff.o(i.dir_register) for dir_register
    ff.o(i.f_mkdir) refers to ff.o(i.sync_fs) for sync_fs
    ff.o(i.f_mkdir) refers to ff.o(i.remove_chain) for remove_chain
    ff.o(i.f_mkfs) refers to ff.o(i.get_ldnumber) for get_ldnumber
    ff.o(i.f_mkfs) refers to diskio.o(i.disk_initialize) for disk_initialize
    ff.o(i.f_mkfs) refers to diskio.o(i.disk_ioctl) for disk_ioctl
    ff.o(i.f_mkfs) refers to ff.o(i.mem_set) for mem_set
    ff.o(i.f_mkfs) refers to ff.o(i.mem_cpy) for mem_cpy
    ff.o(i.f_mkfs) refers to ff.o(i.st_word) for st_word
    ff.o(i.f_mkfs) refers to ff.o(i.st_dword) for st_dword
    ff.o(i.f_mkfs) refers to ff.o(.data) for FatFs
    ff.o(i.f_mkfs) refers to ff.o(.constdata) for cst32
    ff.o(i.f_mkfs) refers to diskio.o(i.get_fattime) for get_fattime
    ff.o(i.f_mkfs) refers to diskio.o(i.disk_write) for disk_write
    ff.o(i.f_mount) refers to ff.o(i.get_ldnumber) for get_ldnumber
    ff.o(i.f_mount) refers to ff.o(i.find_volume) for find_volume
    ff.o(i.f_mount) refers to ff.o(.data) for FatFs
    ff.o(i.f_open) refers to ff.o(i.find_volume) for find_volume
    ff.o(i.f_open) refers to ff.o(i.follow_path) for follow_path
    ff.o(i.f_open) refers to ff.o(i.dir_register) for dir_register
    ff.o(i.f_open) refers to ff.o(i.ld_clust) for ld_clust
    ff.o(i.f_open) refers to diskio.o(i.get_fattime) for get_fattime
    ff.o(i.f_open) refers to ff.o(i.st_dword) for st_dword
    ff.o(i.f_open) refers to ff.o(i.st_clust) for st_clust
    ff.o(i.f_open) refers to ff.o(i.remove_chain) for remove_chain
    ff.o(i.f_open) refers to ff.o(i.move_window) for move_window
    ff.o(i.f_open) refers to ff.o(i.ld_dword) for ld_dword
    ff.o(i.f_open) refers to ff.o(i.mem_set) for mem_set
    ff.o(i.f_open) refers to ff.o(i.get_fat) for get_fat
    ff.o(i.f_open) refers to ff.o(i.clst2sect) for clst2sect
    ff.o(i.f_open) refers to diskio.o(i.disk_read) for disk_read
    ff.o(i.f_opendir) refers to ff.o(i.find_volume) for find_volume
    ff.o(i.f_opendir) refers to ff.o(i.follow_path) for follow_path
    ff.o(i.f_opendir) refers to ff.o(i.ld_clust) for ld_clust
    ff.o(i.f_opendir) refers to ff.o(i.dir_sdi) for dir_sdi
    ff.o(i.f_printf) refers to ff.o(i.putc_init) for putc_init
    ff.o(i.f_printf) refers to ff.o(i.putc_bfd) for putc_bfd
    ff.o(i.f_printf) refers to ff.o(i.putc_flush) for putc_flush
    ff.o(i.f_putc) refers to ff.o(i.putc_init) for putc_init
    ff.o(i.f_putc) refers to ff.o(i.putc_bfd) for putc_bfd
    ff.o(i.f_putc) refers to ff.o(i.putc_flush) for putc_flush
    ff.o(i.f_puts) refers to ff.o(i.putc_init) for putc_init
    ff.o(i.f_puts) refers to ff.o(i.putc_bfd) for putc_bfd
    ff.o(i.f_puts) refers to ff.o(i.putc_flush) for putc_flush
    ff.o(i.f_read) refers to ff.o(i.validate) for validate
    ff.o(i.f_read) refers to ff.o(i.clmt_clust) for clmt_clust
    ff.o(i.f_read) refers to ff.o(i.get_fat) for get_fat
    ff.o(i.f_read) refers to ff.o(i.clst2sect) for clst2sect
    ff.o(i.f_read) refers to diskio.o(i.disk_read) for disk_read
    ff.o(i.f_read) refers to ff.o(i.mem_cpy) for mem_cpy
    ff.o(i.f_read) refers to diskio.o(i.disk_write) for disk_write
    ff.o(i.f_readdir) refers to ff.o(i.validate) for validate
    ff.o(i.f_readdir) refers to ff.o(i.dir_sdi) for dir_sdi
    ff.o(i.f_readdir) refers to ff.o(i.dir_read) for dir_read
    ff.o(i.f_readdir) refers to ff.o(i.get_fileinfo) for get_fileinfo
    ff.o(i.f_readdir) refers to ff.o(i.dir_next) for dir_next
    ff.o(i.f_rename) refers to ff.o(i.get_ldnumber) for get_ldnumber
    ff.o(i.f_rename) refers to ff.o(i.find_volume) for find_volume
    ff.o(i.f_rename) refers to ff.o(i.follow_path) for follow_path
    ff.o(i.f_rename) refers to ff.o(i.mem_cpy) for mem_cpy
    ff.o(i.f_rename) refers to ff.o(i.dir_register) for dir_register
    ff.o(i.f_rename) refers to ff.o(i.ld_clust) for ld_clust
    ff.o(i.f_rename) refers to ff.o(i.clst2sect) for clst2sect
    ff.o(i.f_rename) refers to ff.o(i.move_window) for move_window
    ff.o(i.f_rename) refers to ff.o(i.st_clust) for st_clust
    ff.o(i.f_rename) refers to ff.o(i.dir_remove) for dir_remove
    ff.o(i.f_rename) refers to ff.o(i.sync_fs) for sync_fs
    ff.o(i.f_setlabel) refers to ff.o(i.find_volume) for find_volume
    ff.o(i.f_setlabel) refers to ff.o(i.mem_set) for mem_set
    ff.o(i.f_setlabel) refers to ff.o(i.tchar2uni) for tchar2uni
    ff.o(i.f_setlabel) refers to ff.o(i.chk_chr) for chk_chr
    ff.o(i.f_setlabel) refers to ff.o(i.dir_sdi) for dir_sdi
    ff.o(i.f_setlabel) refers to ff.o(i.dir_read) for dir_read
    ff.o(i.f_setlabel) refers to ff.o(i.mem_cpy) for mem_cpy
    ff.o(i.f_setlabel) refers to ff.o(i.sync_fs) for sync_fs
    ff.o(i.f_setlabel) refers to ff.o(i.dir_alloc) for dir_alloc
    ff.o(i.f_setlabel) refers to ff.o(.constdata) for badchr
    ff.o(i.f_stat) refers to ff.o(i.find_volume) for find_volume
    ff.o(i.f_stat) refers to ff.o(i.follow_path) for follow_path
    ff.o(i.f_stat) refers to ff.o(i.get_fileinfo) for get_fileinfo
    ff.o(i.f_sync) refers to ff.o(i.validate) for validate
    ff.o(i.f_sync) refers to diskio.o(i.disk_write) for disk_write
    ff.o(i.f_sync) refers to diskio.o(i.get_fattime) for get_fattime
    ff.o(i.f_sync) refers to ff.o(i.move_window) for move_window
    ff.o(i.f_sync) refers to ff.o(i.st_clust) for st_clust
    ff.o(i.f_sync) refers to ff.o(i.st_dword) for st_dword
    ff.o(i.f_sync) refers to ff.o(i.st_word) for st_word
    ff.o(i.f_sync) refers to ff.o(i.sync_fs) for sync_fs
    ff.o(i.f_truncate) refers to ff.o(i.validate) for validate
    ff.o(i.f_truncate) refers to ff.o(i.remove_chain) for remove_chain
    ff.o(i.f_truncate) refers to ff.o(i.get_fat) for get_fat
    ff.o(i.f_truncate) refers to diskio.o(i.disk_write) for disk_write
    ff.o(i.f_unlink) refers to ff.o(i.find_volume) for find_volume
    ff.o(i.f_unlink) refers to ff.o(i.follow_path) for follow_path
    ff.o(i.f_unlink) refers to ff.o(i.ld_clust) for ld_clust
    ff.o(i.f_unlink) refers to ff.o(i.dir_sdi) for dir_sdi
    ff.o(i.f_unlink) refers to ff.o(i.dir_read) for dir_read
    ff.o(i.f_unlink) refers to ff.o(i.dir_remove) for dir_remove
    ff.o(i.f_unlink) refers to ff.o(i.remove_chain) for remove_chain
    ff.o(i.f_unlink) refers to ff.o(i.sync_fs) for sync_fs
    ff.o(i.f_write) refers to ff.o(i.validate) for validate
    ff.o(i.f_write) refers to ff.o(i.create_chain) for create_chain
    ff.o(i.f_write) refers to ff.o(i.clmt_clust) for clmt_clust
    ff.o(i.f_write) refers to diskio.o(i.disk_write) for disk_write
    ff.o(i.f_write) refers to ff.o(i.clst2sect) for clst2sect
    ff.o(i.f_write) refers to ff.o(i.mem_cpy) for mem_cpy
    ff.o(i.f_write) refers to diskio.o(i.disk_read) for disk_read
    ff.o(i.find_volume) refers to ff.o(i.get_ldnumber) for get_ldnumber
    ff.o(i.find_volume) refers to diskio.o(i.disk_status) for disk_status
    ff.o(i.find_volume) refers to diskio.o(i.disk_initialize) for disk_initialize
    ff.o(i.find_volume) refers to ff.o(i.check_fs) for check_fs
    ff.o(i.find_volume) refers to ff.o(i.ld_dword) for ld_dword
    ff.o(i.find_volume) refers to ff.o(i.ld_word) for ld_word
    ff.o(i.find_volume) refers to ff.o(i.move_window) for move_window
    ff.o(i.find_volume) refers to ff.o(.data) for FatFs
    ff.o(i.follow_path) refers to ff.o(i.dir_sdi) for dir_sdi
    ff.o(i.follow_path) refers to ff.o(i.create_name) for create_name
    ff.o(i.follow_path) refers to ff.o(i.dir_find) for dir_find
    ff.o(i.follow_path) refers to ff.o(i.ld_clust) for ld_clust
    ff.o(i.gen_numname) refers to ff.o(i.mem_cpy) for mem_cpy
    ff.o(i.gen_numname) refers to ff.o(i.dbc_1st) for dbc_1st
    ff.o(i.get_achar) refers to ff.o(i.dbc_1st) for dbc_1st
    ff.o(i.get_achar) refers to ff.o(i.dbc_2nd) for dbc_2nd
    ff.o(i.get_fat) refers to ff.o(i.move_window) for move_window
    ff.o(i.get_fat) refers to ff.o(i.ld_word) for ld_word
    ff.o(i.get_fat) refers to ff.o(i.ld_dword) for ld_dword
    ff.o(i.get_fileinfo) refers to ff.o(i.put_utf) for put_utf
    ff.o(i.get_fileinfo) refers to ff.o(i.ld_dword) for ld_dword
    ff.o(i.get_fileinfo) refers to ff.o(i.ld_word) for ld_word
    ff.o(i.ld_clust) refers to ff.o(i.ld_word) for ld_word
    ff.o(i.move_window) refers to ff.o(i.sync_window) for sync_window
    ff.o(i.move_window) refers to diskio.o(i.disk_read) for disk_read
    ff.o(i.pattern_matching) refers to ff.o(i.get_achar) for get_achar
    ff.o(i.pick_lfn) refers to ff.o(i.ld_word) for ld_word
    ff.o(i.pick_lfn) refers to ff.o(.constdata) for LfnOfs
    ff.o(i.put_fat) refers to ff.o(i.move_window) for move_window
    ff.o(i.put_fat) refers to ff.o(i.st_word) for st_word
    ff.o(i.put_fat) refers to ff.o(i.ld_dword) for ld_dword
    ff.o(i.put_fat) refers to ff.o(i.st_dword) for st_dword
    ff.o(i.put_lfn) refers to ff.o(i.st_word) for st_word
    ff.o(i.put_lfn) refers to ff.o(.constdata) for LfnOfs
    ff.o(i.putc_bfd) refers to ff.o(i.f_write) for f_write
    ff.o(i.putc_flush) refers to ff.o(i.f_write) for f_write
    ff.o(i.putc_init) refers to ff.o(i.mem_set) for mem_set
    ff.o(i.remove_chain) refers to ff.o(i.put_fat) for put_fat
    ff.o(i.remove_chain) refers to ff.o(i.get_fat) for get_fat
    ff.o(i.st_clust) refers to ff.o(i.st_word) for st_word
    ff.o(i.sync_fs) refers to ff.o(i.sync_window) for sync_window
    ff.o(i.sync_fs) refers to ff.o(i.mem_set) for mem_set
    ff.o(i.sync_fs) refers to ff.o(i.st_word) for st_word
    ff.o(i.sync_fs) refers to ff.o(i.st_dword) for st_dword
    ff.o(i.sync_fs) refers to diskio.o(i.disk_write) for disk_write
    ff.o(i.sync_fs) refers to diskio.o(i.disk_ioctl) for disk_ioctl
    ff.o(i.sync_window) refers to diskio.o(i.disk_write) for disk_write
    ff.o(i.tchar2uni) refers to ff.o(i.dbc_1st) for dbc_1st
    ff.o(i.tchar2uni) refers to ff.o(i.dbc_2nd) for dbc_2nd
    ff.o(i.validate) refers to diskio.o(i.disk_status) for disk_status
    stm32f10x_adc.o(i.ADC_DeInit) refers to stm32f10x_rcc.o(i.RCC_APB2PeriphResetCmd) for RCC_APB2PeriphResetCmd
    stm32f10x_gpio.o(i.GPIO_AFIODeInit) refers to stm32f10x_rcc.o(i.RCC_APB2PeriphResetCmd) for RCC_APB2PeriphResetCmd
    stm32f10x_gpio.o(i.GPIO_DeInit) refers to stm32f10x_rcc.o(i.RCC_APB2PeriphResetCmd) for RCC_APB2PeriphResetCmd
    stm32f10x_rcc.o(i.RCC_GetClocksFreq) refers to stm32f10x_rcc.o(.data) for APBAHBPrescTable
    stm32f10x_rcc.o(i.RCC_WaitForHSEStartUp) refers to stm32f10x_rcc.o(i.RCC_GetFlagStatus) for RCC_GetFlagStatus
    stm32f10x_spi.o(i.I2S_Init) refers to stm32f10x_rcc.o(i.RCC_GetClocksFreq) for RCC_GetClocksFreq
    stm32f10x_spi.o(i.SPI_I2S_DeInit) refers to stm32f10x_rcc.o(i.RCC_APB2PeriphResetCmd) for RCC_APB2PeriphResetCmd
    stm32f10x_spi.o(i.SPI_I2S_DeInit) refers to stm32f10x_rcc.o(i.RCC_APB1PeriphResetCmd) for RCC_APB1PeriphResetCmd
    stm32f10x_tim.o(i.TIM_DeInit) refers to stm32f10x_rcc.o(i.RCC_APB2PeriphResetCmd) for RCC_APB2PeriphResetCmd
    stm32f10x_tim.o(i.TIM_DeInit) refers to stm32f10x_rcc.o(i.RCC_APB1PeriphResetCmd) for RCC_APB1PeriphResetCmd
    stm32f10x_tim.o(i.TIM_ETRClockMode1Config) refers to stm32f10x_tim.o(i.TIM_ETRConfig) for TIM_ETRConfig
    stm32f10x_tim.o(i.TIM_ETRClockMode2Config) refers to stm32f10x_tim.o(i.TIM_ETRConfig) for TIM_ETRConfig
    stm32f10x_tim.o(i.TIM_ICInit) refers to stm32f10x_tim.o(i.TI1_Config) for TI1_Config
    stm32f10x_tim.o(i.TIM_ICInit) refers to stm32f10x_tim.o(i.TIM_SetIC1Prescaler) for TIM_SetIC1Prescaler
    stm32f10x_tim.o(i.TIM_ICInit) refers to stm32f10x_tim.o(i.TI2_Config) for TI2_Config
    stm32f10x_tim.o(i.TIM_ICInit) refers to stm32f10x_tim.o(i.TIM_SetIC2Prescaler) for TIM_SetIC2Prescaler
    stm32f10x_tim.o(i.TIM_ICInit) refers to stm32f10x_tim.o(i.TI3_Config) for TI3_Config
    stm32f10x_tim.o(i.TIM_ICInit) refers to stm32f10x_tim.o(i.TIM_SetIC3Prescaler) for TIM_SetIC3Prescaler
    stm32f10x_tim.o(i.TIM_ICInit) refers to stm32f10x_tim.o(i.TI4_Config) for TI4_Config
    stm32f10x_tim.o(i.TIM_ICInit) refers to stm32f10x_tim.o(i.TIM_SetIC4Prescaler) for TIM_SetIC4Prescaler
    stm32f10x_tim.o(i.TIM_ITRxExternalClockConfig) refers to stm32f10x_tim.o(i.TIM_SelectInputTrigger) for TIM_SelectInputTrigger
    stm32f10x_tim.o(i.TIM_PWMIConfig) refers to stm32f10x_tim.o(i.TI1_Config) for TI1_Config
    stm32f10x_tim.o(i.TIM_PWMIConfig) refers to stm32f10x_tim.o(i.TIM_SetIC1Prescaler) for TIM_SetIC1Prescaler
    stm32f10x_tim.o(i.TIM_PWMIConfig) refers to stm32f10x_tim.o(i.TI2_Config) for TI2_Config
    stm32f10x_tim.o(i.TIM_PWMIConfig) refers to stm32f10x_tim.o(i.TIM_SetIC2Prescaler) for TIM_SetIC2Prescaler
    stm32f10x_tim.o(i.TIM_TIxExternalClockConfig) refers to stm32f10x_tim.o(i.TI2_Config) for TI2_Config
    stm32f10x_tim.o(i.TIM_TIxExternalClockConfig) refers to stm32f10x_tim.o(i.TI1_Config) for TI1_Config
    stm32f10x_tim.o(i.TIM_TIxExternalClockConfig) refers to stm32f10x_tim.o(i.TIM_SelectInputTrigger) for TIM_SelectInputTrigger
    stm32f10x_usart.o(i.USART_DeInit) refers to stm32f10x_rcc.o(i.RCC_APB2PeriphResetCmd) for RCC_APB2PeriphResetCmd
    stm32f10x_usart.o(i.USART_DeInit) refers to stm32f10x_rcc.o(i.RCC_APB1PeriphResetCmd) for RCC_APB1PeriphResetCmd
    stm32f10x_usart.o(i.USART_Init) refers to stm32f10x_rcc.o(i.RCC_GetClocksFreq) for RCC_GetClocksFreq
    startup_stm32f10x_hd.o(STACK) refers (Special) to heapauxi.o(.text) for __use_two_region_memory
    startup_stm32f10x_hd.o(HEAP) refers (Special) to heapauxi.o(.text) for __use_two_region_memory
    startup_stm32f10x_hd.o(RESET) refers (Special) to heapauxi.o(.text) for __use_two_region_memory
    startup_stm32f10x_hd.o(RESET) refers to startup_stm32f10x_hd.o(STACK) for __initial_sp
    startup_stm32f10x_hd.o(RESET) refers to startup_stm32f10x_hd.o(.text) for Reset_Handler
    startup_stm32f10x_hd.o(RESET) refers to port.o(.emb_text) for SVC_Handler
    startup_stm32f10x_hd.o(RESET) refers to port.o(i.SysTick_Handler) for SysTick_Handler
    startup_stm32f10x_hd.o(RESET) refers to task_control.o(i.EXTI2_IRQHandler) for EXTI2_IRQHandler
    startup_stm32f10x_hd.o(RESET) refers to bsp_key.o(i.EXTI3_IRQHandler) for EXTI3_IRQHandler
    startup_stm32f10x_hd.o(RESET) refers to bsp_dma.o(i.DMA1_Channel7_IRQHandler) for DMA1_Channel7_IRQHandler
    startup_stm32f10x_hd.o(RESET) refers to bsp_key.o(i.EXTI9_5_IRQHandler) for EXTI9_5_IRQHandler
    startup_stm32f10x_hd.o(RESET) refers to sdio_sdcard.o(i.SDIO_IRQHandler) for SDIO_IRQHandler
    startup_stm32f10x_hd.o(RESET) refers to sysinfo.o(i.TIM6_IRQHandler) for TIM6_IRQHandler
    startup_stm32f10x_hd.o(.text) refers (Special) to heapauxi.o(.text) for __use_two_region_memory
    startup_stm32f10x_hd.o(.text) refers to system_stm32f10x.o(i.SystemInit) for SystemInit
    startup_stm32f10x_hd.o(.text) refers to __main.o(!!!main) for __main
    startup_stm32f10x_hd.o(.text) refers to startup_stm32f10x_hd.o(HEAP) for Heap_Mem
    startup_stm32f10x_hd.o(.text) refers to startup_stm32f10x_hd.o(STACK) for Stack_Mem
    system_stm32f10x.o(i.SetSysClock) refers to system_stm32f10x.o(i.SetSysClockTo72) for SetSysClockTo72
    system_stm32f10x.o(i.SystemCoreClockUpdate) refers to system_stm32f10x.o(.data) for SystemCoreClock
    system_stm32f10x.o(i.SystemInit) refers to system_stm32f10x.o(i.SetSysClock) for SetSysClock
    use_no_semi_2.o(.text) refers (Special) to use_no_semi.o(.text) for __use_no_semihosting_swi
    llsdiv.o(.text) refers to lludivv7m.o(.text) for __aeabi_uldivmod
    __2printf.o(.text) refers to _printf_char_file.o(.text) for _printf_char_file
    __2printf.o(.text) refers to bsp_uart.o(.data) for __stdout
    __2sprintf.o(.text) refers to _printf_char_common.o(.text) for _printf_char_common
    __2sprintf.o(.text) refers to _sputc.o(.text) for _sputc
    noretval__2printf.o(.text) refers to _printf_char_file.o(.text) for _printf_char_file
    noretval__2printf.o(.text) refers to bsp_uart.o(.data) for __stdout
    noretval__2sprintf.o(.text) refers to _printf_char_common.o(.text) for _printf_char_common
    noretval__2sprintf.o(.text) refers to _sputc.o(.text) for _sputc
    __printf.o(.text) refers to _printf_percent.o(.ARM.Collect$$_printf_percent$$00000000) for _printf_percent
    _printf_str.o(.text) refers (Special) to _printf_char.o(.text) for _printf_cs_common
    _printf_str.o(.text) refers (Weak) to _printf_pad.o(.text) for _printf_pre_padding
    _printf_str.o(.text) refers (Weak) to _printf_pad.o(.text) for _printf_post_padding
    _printf_dec.o(.text) refers to _printf_intcommon.o(.text) for _printf_int_common
    __printf_flags.o(.text) refers to _printf_percent.o(.ARM.Collect$$_printf_percent$$00000000) for _printf_percent
    __printf_flags.o(.text) refers to __printf_flags.o(.constdata) for .constdata
    __printf_ss.o(.text) refers to _printf_percent.o(.ARM.Collect$$_printf_percent$$00000000) for _printf_percent
    __printf_flags_ss.o(.text) refers to _printf_percent.o(.ARM.Collect$$_printf_percent$$00000000) for _printf_percent
    __printf_flags_ss.o(.text) refers to __printf_flags_ss.o(.constdata) for .constdata
    __printf_wp.o(.text) refers to __printf_wp.o(i._is_digit) for _is_digit
    __printf_wp.o(.text) refers to _printf_percent.o(.ARM.Collect$$_printf_percent$$00000000) for _printf_percent
    __printf_flags_wp.o(.text) refers to __printf_wp.o(i._is_digit) for _is_digit
    __printf_flags_wp.o(.text) refers to _printf_percent.o(.ARM.Collect$$_printf_percent$$00000000) for _printf_percent
    __printf_flags_wp.o(.text) refers to __printf_flags_wp.o(.constdata) for .constdata
    __printf_ss_wp.o(.text) refers to __printf_wp.o(i._is_digit) for _is_digit
    __printf_ss_wp.o(.text) refers to _printf_percent.o(.ARM.Collect$$_printf_percent$$00000000) for _printf_percent
    __printf_flags_ss_wp.o(.text) refers to __printf_wp.o(i._is_digit) for _is_digit
    __printf_flags_ss_wp.o(.text) refers to _printf_percent.o(.ARM.Collect$$_printf_percent$$00000000) for _printf_percent
    __printf_flags_ss_wp.o(.text) refers to __printf_flags_ss_wp.o(.constdata) for .constdata
    _printf_c.o(.ARM.Collect$$_printf_percent$$00000013) refers (Weak) to _printf_char.o(.text) for _printf_char
    _printf_s.o(.ARM.Collect$$_printf_percent$$00000014) refers (Weak) to _printf_char.o(.text) for _printf_string
    _printf_d.o(.ARM.Collect$$_printf_percent$$00000009) refers (Weak) to _printf_dec.o(.text) for _printf_int_dec
    _printf_u.o(.ARM.Collect$$_printf_percent$$0000000A) refers (Weak) to _printf_dec.o(.text) for _printf_int_dec
    _printf_percent.o(.ARM.Collect$$_printf_percent$$00000000) refers (Special) to _printf_percent_end.o(.ARM.Collect$$_printf_percent$$00000017) for _printf_percent_end
    rt_memcpy_v6.o(.text) refers to rt_memcpy_w.o(.text) for __aeabi_memcpy4
    aeabi_memset.o(.text) refers to rt_memclr.o(.text) for _memset
    __main.o(!!!main) refers to __rtentry.o(.ARM.Collect$$rtentry$$00000000) for __rt_entry
    daddsub_clz.o(x$fpl$dadd) refers (Special) to usenofp.o(x$fpl$usenofp) for __I$use$fp
    daddsub_clz.o(x$fpl$dadd) refers to daddsub_clz.o(x$fpl$dsub) for _dsub1
    daddsub_clz.o(x$fpl$dadd) refers to dretinf.o(x$fpl$dretinf) for __fpl_dretinf
    daddsub_clz.o(x$fpl$dadd) refers to dnaninf.o(x$fpl$dnaninf) for __fpl_dnaninf
    daddsub_clz.o(x$fpl$drsb) refers (Special) to usenofp.o(x$fpl$usenofp) for __I$use$fp
    daddsub_clz.o(x$fpl$drsb) refers to daddsub_clz.o(x$fpl$dadd) for _dadd1
    daddsub_clz.o(x$fpl$drsb) refers to daddsub_clz.o(x$fpl$dsub) for _dsub1
    daddsub_clz.o(x$fpl$dsub) refers (Special) to usenofp.o(x$fpl$usenofp) for __I$use$fp
    daddsub_clz.o(x$fpl$dsub) refers to daddsub_clz.o(x$fpl$dadd) for _dadd1
    daddsub_clz.o(x$fpl$dsub) refers to dnaninf.o(x$fpl$dnaninf) for __fpl_dnaninf
    ddiv.o(x$fpl$drdiv) refers (Special) to usenofp.o(x$fpl$usenofp) for __I$use$fp
    ddiv.o(x$fpl$drdiv) refers to ddiv.o(x$fpl$ddiv) for ddiv_entry
    ddiv.o(x$fpl$ddiv) refers (Special) to usenofp.o(x$fpl$usenofp) for __I$use$fp
    ddiv.o(x$fpl$ddiv) refers to dretinf.o(x$fpl$dretinf) for __fpl_dretinf
    ddiv.o(x$fpl$ddiv) refers to dnaninf.o(x$fpl$dnaninf) for __fpl_dnaninf
    dfix.o(x$fpl$dfix) refers (Special) to usenofp.o(x$fpl$usenofp) for __I$use$fp
    dfix.o(x$fpl$dfix) refers to dnaninf.o(x$fpl$dnaninf) for __fpl_dnaninf
    dfix.o(x$fpl$dfixr) refers (Special) to usenofp.o(x$fpl$usenofp) for __I$use$fp
    dfix.o(x$fpl$dfixr) refers to dnaninf.o(x$fpl$dnaninf) for __fpl_dnaninf
    dmul.o(x$fpl$dmul) refers (Special) to usenofp.o(x$fpl$usenofp) for __I$use$fp
    dmul.o(x$fpl$dmul) refers to dretinf.o(x$fpl$dretinf) for __fpl_dretinf
    dmul.o(x$fpl$dmul) refers to dnaninf.o(x$fpl$dnaninf) for __fpl_dnaninf
    f2d.o(x$fpl$f2d) refers (Special) to usenofp.o(x$fpl$usenofp) for __I$use$fp
    f2d.o(x$fpl$f2d) refers to fnaninf.o(x$fpl$fnaninf) for __fpl_fnaninf
    f2d.o(x$fpl$f2d) refers to dretinf.o(x$fpl$dretinf) for __fpl_dretinf
    fflt_clz.o(x$fpl$ffltu) refers (Special) to usenofp.o(x$fpl$usenofp) for __I$use$fp
    fflt_clz.o(x$fpl$fflt) refers (Special) to usenofp.o(x$fpl$usenofp) for __I$use$fp
    fflt_clz.o(x$fpl$ffltn) refers (Special) to usenofp.o(x$fpl$usenofp) for __I$use$fp
    __rtentry.o(.ARM.Collect$$rtentry$$00000000) refers (Special) to __rtentry2.o(.ARM.Collect$$rtentry$$0000000A) for __rt_entry_li
    __rtentry.o(.ARM.Collect$$rtentry$$00000000) refers (Special) to __rtentry2.o(.ARM.Collect$$rtentry$$0000000D) for __rt_entry_main
    __rtentry.o(.ARM.Collect$$rtentry$$00000000) refers (Special) to __rtentry2.o(.ARM.Collect$$rtentry$$0000000C) for __rt_entry_postli_1
    __rtentry.o(.ARM.Collect$$rtentry$$00000000) refers (Special) to __rtentry2.o(.ARM.Collect$$rtentry$$00000009) for __rt_entry_postsh_1
    __rtentry.o(.ARM.Collect$$rtentry$$00000000) refers (Special) to __rtentry2.o(.ARM.Collect$$rtentry$$00000002) for __rt_entry_presh_1
    __rtentry.o(.ARM.Collect$$rtentry$$00000000) refers (Special) to __rtentry4.o(.ARM.Collect$$rtentry$$00000004) for __rt_entry_sh
    _printf_intcommon.o(.text) refers (Weak) to _printf_pad.o(.text) for _printf_pre_padding
    _printf_intcommon.o(.text) refers (Weak) to _printf_pad.o(.text) for _printf_pre_padding
    _printf_intcommon.o(.text) refers (Weak) to _printf_pad.o(.text) for _printf_post_padding
    _printf_char_common.o(.text) refers to __printf_flags_wp.o(.text) for __printf
    _printf_char.o(.text) refers (Weak) to _printf_str.o(.text) for _printf_str
    _printf_char_file.o(.text) refers to _printf_char_common.o(.text) for _printf_char_common
    _printf_char_file.o(.text) refers to ferror.o(.text) for ferror
    _printf_char_file.o(.text) refers to bsp_uart.o(i.fputc) for fputc
    rt_memclr.o(.text) refers to rt_memclr_w.o(.text) for _memset_w
    dnaninf.o(x$fpl$dnaninf) refers (Special) to usenofp.o(x$fpl$usenofp) for __I$use$fp
    dretinf.o(x$fpl$dretinf) refers (Special) to usenofp.o(x$fpl$usenofp) for __I$use$fp
    fnaninf.o(x$fpl$fnaninf) refers (Special) to usenofp.o(x$fpl$usenofp) for __I$use$fp
    __rtentry2.o(.ARM.Collect$$rtentry$$00000008) refers to boardinit2.o(.text) for _platform_post_stackheap_init
    __rtentry2.o(.ARM.Collect$$rtentry$$0000000A) refers to libinit.o(.ARM.Collect$$libinit$$00000000) for __rt_lib_init
    __rtentry2.o(.ARM.Collect$$rtentry$$0000000B) refers to boardinit3.o(.text) for _platform_post_lib_init
    __rtentry2.o(.ARM.Collect$$rtentry$$0000000D) refers to main.o(i.main) for main
    __rtentry2.o(.ARM.Collect$$rtentry$$0000000D) refers to exit.o(.text) for exit
    __rtentry2.o(.ARM.exidx) refers to __rtentry2.o(.ARM.Collect$$rtentry$$00000001) for .ARM.Collect$$rtentry$$00000001
    __rtentry2.o(.ARM.exidx) refers to __rtentry2.o(.ARM.Collect$$rtentry$$00000008) for .ARM.Collect$$rtentry$$00000008
    __rtentry2.o(.ARM.exidx) refers to __rtentry2.o(.ARM.Collect$$rtentry$$0000000A) for .ARM.Collect$$rtentry$$0000000A
    __rtentry2.o(.ARM.exidx) refers to __rtentry2.o(.ARM.Collect$$rtentry$$0000000B) for .ARM.Collect$$rtentry$$0000000B
    __rtentry2.o(.ARM.exidx) refers to __rtentry2.o(.ARM.Collect$$rtentry$$0000000D) for .ARM.Collect$$rtentry$$0000000D
    __rtentry4.o(.ARM.Collect$$rtentry$$00000004) refers to sys_stackheap_outer.o(.text) for __user_setup_stackheap
    __rtentry4.o(.ARM.exidx) refers to __rtentry4.o(.ARM.Collect$$rtentry$$00000004) for .ARM.Collect$$rtentry$$00000004
    aeabi_ldiv0_sigfpe.o(.text) refers to rt_div0.o(.text) for __rt_div0
    sys_stackheap_outer.o(.text) refers to libspace.o(.text) for __user_perproc_libspace
    sys_stackheap_outer.o(.text) refers to startup_stm32f10x_hd.o(.text) for __user_initial_stackheap
    rt_div0.o(.text) refers to defsig_fpe_outer.o(.text) for __rt_SIGFPE
    exit.o(.text) refers to rtexit.o(.ARM.Collect$$rtexit$$00000000) for __rt_exit
    libinit.o(.ARM.Collect$$libinit$$00000000) refers (Special) to libinit2.o(.ARM.Collect$$libinit$$0000002E) for __rt_lib_init_alloca_1
    libinit.o(.ARM.Collect$$libinit$$00000000) refers (Special) to libinit2.o(.ARM.Collect$$libinit$$0000002C) for __rt_lib_init_argv_1
    libinit.o(.ARM.Collect$$libinit$$00000000) refers (Special) to libinit2.o(.ARM.Collect$$libinit$$0000001B) for __rt_lib_init_atexit_1
    libinit.o(.ARM.Collect$$libinit$$00000000) refers (Special) to libinit2.o(.ARM.Collect$$libinit$$00000021) for __rt_lib_init_clock_1
    libinit.o(.ARM.Collect$$libinit$$00000000) refers (Special) to libinit2.o(.ARM.Collect$$libinit$$00000032) for __rt_lib_init_cpp_1
    libinit.o(.ARM.Collect$$libinit$$00000000) refers (Special) to libinit2.o(.ARM.Collect$$libinit$$00000030) for __rt_lib_init_exceptions_1
    libinit.o(.ARM.Collect$$libinit$$00000000) refers (Special) to libinit2.o(.ARM.Collect$$libinit$$00000002) for __rt_lib_init_fp_1
    libinit.o(.ARM.Collect$$libinit$$00000000) refers (Special) to libinit2.o(.ARM.Collect$$libinit$$0000001F) for __rt_lib_init_fp_trap_1
    libinit.o(.ARM.Collect$$libinit$$00000000) refers (Special) to libinit2.o(.ARM.Collect$$libinit$$00000023) for __rt_lib_init_getenv_1
    libinit.o(.ARM.Collect$$libinit$$00000000) refers (Special) to libinit2.o(.ARM.Collect$$libinit$$0000000A) for __rt_lib_init_heap_1
    libinit.o(.ARM.Collect$$libinit$$00000000) refers (Special) to libinit2.o(.ARM.Collect$$libinit$$00000011) for __rt_lib_init_lc_collate_1
    libinit.o(.ARM.Collect$$libinit$$00000000) refers (Special) to libinit2.o(.ARM.Collect$$libinit$$00000013) for __rt_lib_init_lc_ctype_1
    libinit.o(.ARM.Collect$$libinit$$00000000) refers (Special) to libinit2.o(.ARM.Collect$$libinit$$00000015) for __rt_lib_init_lc_monetary_1
    libinit.o(.ARM.Collect$$libinit$$00000000) refers (Special) to libinit2.o(.ARM.Collect$$libinit$$00000017) for __rt_lib_init_lc_numeric_1
    libinit.o(.ARM.Collect$$libinit$$00000000) refers (Special) to libinit2.o(.ARM.Collect$$libinit$$00000019) for __rt_lib_init_lc_time_1
    libinit.o(.ARM.Collect$$libinit$$00000000) refers (Special) to libinit2.o(.ARM.Collect$$libinit$$00000004) for __rt_lib_init_preinit_1
    libinit.o(.ARM.Collect$$libinit$$00000000) refers (Special) to libinit2.o(.ARM.Collect$$libinit$$0000000E) for __rt_lib_init_rand_1
    libinit.o(.ARM.Collect$$libinit$$00000000) refers (Special) to libinit2.o(.ARM.Collect$$libinit$$00000033) for __rt_lib_init_return
    libinit.o(.ARM.Collect$$libinit$$00000000) refers (Special) to libinit2.o(.ARM.Collect$$libinit$$0000001D) for __rt_lib_init_signal_1
    libinit.o(.ARM.Collect$$libinit$$00000000) refers (Special) to libinit2.o(.ARM.Collect$$libinit$$00000025) for __rt_lib_init_stdio_1
    libinit.o(.ARM.Collect$$libinit$$00000000) refers (Special) to libinit2.o(.ARM.Collect$$libinit$$0000000C) for __rt_lib_init_user_alloc_1
    libspace.o(.text) refers to libspace.o(.bss) for __libspace_start
    rtexit.o(.ARM.Collect$$rtexit$$00000000) refers (Special) to rtexit2.o(.ARM.Collect$$rtexit$$00000004) for __rt_exit_exit
    rtexit.o(.ARM.Collect$$rtexit$$00000000) refers (Special) to rtexit2.o(.ARM.Collect$$rtexit$$00000003) for __rt_exit_ls
    rtexit.o(.ARM.Collect$$rtexit$$00000000) refers (Special) to rtexit2.o(.ARM.Collect$$rtexit$$00000002) for __rt_exit_prels_1
    rtexit.o(.ARM.exidx) refers (Special) to rtexit2.o(.ARM.Collect$$rtexit$$00000004) for __rt_exit_exit
    rtexit.o(.ARM.exidx) refers (Special) to rtexit2.o(.ARM.Collect$$rtexit$$00000003) for __rt_exit_ls
    rtexit.o(.ARM.exidx) refers (Special) to rtexit2.o(.ARM.Collect$$rtexit$$00000002) for __rt_exit_prels_1
    rtexit.o(.ARM.exidx) refers to rtexit.o(.ARM.Collect$$rtexit$$00000000) for .ARM.Collect$$rtexit$$00000000
    defsig_fpe_outer.o(.text) refers to defsig_fpe_inner.o(.text) for __rt_SIGFPE_inner
    defsig_fpe_outer.o(.text) refers to defsig_exit.o(.text) for __sig_exit
    defsig_fpe_formal.o(.text) refers to rt_raise.o(.text) for __rt_raise
    libinit2.o(.ARM.Collect$$libinit$$00000010) refers to libinit2.o(.ARM.Collect$$libinit$$0000000F) for .ARM.Collect$$libinit$$0000000F
    libinit2.o(.ARM.Collect$$libinit$$00000012) refers to libinit2.o(.ARM.Collect$$libinit$$0000000F) for .ARM.Collect$$libinit$$0000000F
    libinit2.o(.ARM.Collect$$libinit$$00000014) refers to libinit2.o(.ARM.Collect$$libinit$$0000000F) for .ARM.Collect$$libinit$$0000000F
    libinit2.o(.ARM.Collect$$libinit$$00000016) refers to libinit2.o(.ARM.Collect$$libinit$$0000000F) for .ARM.Collect$$libinit$$0000000F
    libinit2.o(.ARM.Collect$$libinit$$00000018) refers to libinit2.o(.ARM.Collect$$libinit$$0000000F) for .ARM.Collect$$libinit$$0000000F
    libinit2.o(.ARM.Collect$$libinit$$00000026) refers to argv_veneer.o(.emb_text) for __ARM_argv_veneer
    libinit2.o(.ARM.Collect$$libinit$$00000027) refers to argv_veneer.o(.emb_text) for __ARM_argv_veneer
    rtexit2.o(.ARM.Collect$$rtexit$$00000003) refers to libshutdown.o(.ARM.Collect$$libshutdown$$00000000) for __rt_lib_shutdown
    rtexit2.o(.ARM.Collect$$rtexit$$00000004) refers to bsp_uart.o(i._sys_exit) for _sys_exit
    rtexit2.o(.ARM.exidx) refers to rtexit2.o(.ARM.Collect$$rtexit$$00000001) for .ARM.Collect$$rtexit$$00000001
    rtexit2.o(.ARM.exidx) refers to rtexit2.o(.ARM.Collect$$rtexit$$00000003) for .ARM.Collect$$rtexit$$00000003
    rtexit2.o(.ARM.exidx) refers to rtexit2.o(.ARM.Collect$$rtexit$$00000004) for .ARM.Collect$$rtexit$$00000004
    rt_raise.o(.text) refers to __raise.o(.text) for __raise
    rt_raise.o(.text) refers to bsp_uart.o(i._sys_exit) for _sys_exit
    defsig_exit.o(.text) refers to bsp_uart.o(i._sys_exit) for _sys_exit
    defsig_fpe_inner.o(.text) refers to defsig_general.o(.text) for __default_signal_display
    argv_veneer.o(.emb_text) refers to no_argv.o(.text) for __ARM_get_argv
    __raise.o(.text) refers to defsig.o(CL$$defsig) for __default_signal_handler
    defsig_general.o(.text) refers to sys_wrch.o(.text) for _ttywrch
    _get_argv_nomalloc.o(.text) refers (Special) to hrguard.o(.text) for __heap_region$guard
    _get_argv_nomalloc.o(.text) refers to defsig_rtmem_outer.o(.text) for __rt_SIGRTMEM
    _get_argv_nomalloc.o(.text) refers to sys_command.o(.text) for _sys_command_string
    libshutdown.o(.ARM.Collect$$libshutdown$$00000000) refers (Special) to libshutdown2.o(.ARM.Collect$$libshutdown$$00000002) for __rt_lib_shutdown_cpp_1
    libshutdown.o(.ARM.Collect$$libshutdown$$00000000) refers (Special) to libshutdown2.o(.ARM.Collect$$libshutdown$$00000007) for __rt_lib_shutdown_fp_trap_1
    libshutdown.o(.ARM.Collect$$libshutdown$$00000000) refers (Special) to libshutdown2.o(.ARM.Collect$$libshutdown$$0000000F) for __rt_lib_shutdown_heap_1
    libshutdown.o(.ARM.Collect$$libshutdown$$00000000) refers (Special) to libshutdown2.o(.ARM.Collect$$libshutdown$$00000010) for __rt_lib_shutdown_return
    libshutdown.o(.ARM.Collect$$libshutdown$$00000000) refers (Special) to libshutdown2.o(.ARM.Collect$$libshutdown$$0000000A) for __rt_lib_shutdown_signal_1
    libshutdown.o(.ARM.Collect$$libshutdown$$00000000) refers (Special) to libshutdown2.o(.ARM.Collect$$libshutdown$$00000004) for __rt_lib_shutdown_stdio_1
    libshutdown.o(.ARM.Collect$$libshutdown$$00000000) refers (Special) to libshutdown2.o(.ARM.Collect$$libshutdown$$0000000C) for __rt_lib_shutdown_user_alloc_1
    sys_wrch.o(.text) refers (Special) to use_no_semi.o(.text) for __I$use$semihosting
    sys_wrch.o(.text) refers (Special) to indicate_semi.o(.text) for __semihosting_library_function
    sys_command.o(.text) refers (Special) to use_no_semi.o(.text) for __I$use$semihosting
    sys_command.o(.text) refers (Special) to indicate_semi.o(.text) for __semihosting_library_function
    defsig_rtmem_outer.o(.text) refers to defsig_rtmem_inner.o(.text) for __rt_SIGRTMEM_inner
    defsig_rtmem_outer.o(.text) refers to defsig_exit.o(.text) for __sig_exit
    defsig_rtmem_formal.o(.text) refers to rt_raise.o(.text) for __rt_raise
    defsig.o(CL$$defsig) refers to defsig_fpe_inner.o(.text) for __rt_SIGFPE_inner
    defsig.o(CL$$defsig) refers to defsig_rtmem_inner.o(.text) for __rt_SIGRTMEM_inner
    defsig_abrt_inner.o(.text) refers to defsig_general.o(.text) for __default_signal_display
    defsig_rtred_inner.o(.text) refers to defsig_general.o(.text) for __default_signal_display
    defsig_rtmem_inner.o(.text) refers to defsig_general.o(.text) for __default_signal_display
    defsig_stak_inner.o(.text) refers to defsig_general.o(.text) for __default_signal_display
    defsig_pvfn_inner.o(.text) refers to defsig_general.o(.text) for __default_signal_display
    defsig_cppl_inner.o(.text) refers to defsig_general.o(.text) for __default_signal_display
    defsig_segv_inner.o(.text) refers to defsig_general.o(.text) for __default_signal_display
    defsig_other.o(.text) refers to defsig_general.o(.text) for __default_signal_display


==============================================================================

Removing Unused input sections from the image.

    Removing main.o(.rev16_text), (4 bytes).
    Removing main.o(.revsh_text), (4 bytes).
    Removing main.o(.rrx_text), (6 bytes).
    Removing task_control.o(.rev16_text), (4 bytes).
    Removing task_control.o(.revsh_text), (4 bytes).
    Removing task_control.o(.rrx_text), (6 bytes).
    Removing sysinfo.o(.rev16_text), (4 bytes).
    Removing sysinfo.o(.revsh_text), (4 bytes).
    Removing sysinfo.o(.rrx_text), (6 bytes).
    Removing bsp.o(.rev16_text), (4 bytes).
    Removing bsp.o(.revsh_text), (4 bytes).
    Removing bsp.o(.rrx_text), (6 bytes).
    Removing bsp.o(i.show_sdcard_info), (304 bytes).
    Removing bsp_led.o(.rev16_text), (4 bytes).
    Removing bsp_led.o(.revsh_text), (4 bytes).
    Removing bsp_led.o(.rrx_text), (6 bytes).
    Removing bsp_uart.o(.rev16_text), (4 bytes).
    Removing bsp_uart.o(.revsh_text), (4 bytes).
    Removing bsp_uart.o(.rrx_text), (6 bytes).
    Removing bsp_spi.o(.rev16_text), (4 bytes).
    Removing bsp_spi.o(.revsh_text), (4 bytes).
    Removing bsp_spi.o(.rrx_text), (6 bytes).
    Removing bsp_iic.o(.rev16_text), (4 bytes).
    Removing bsp_iic.o(.revsh_text), (4 bytes).
    Removing bsp_iic.o(.rrx_text), (6 bytes).
    Removing bsp_iic.o(i.IIC_Ack), (76 bytes).
    Removing bsp_iic.o(i.IIC_Init), (84 bytes).
    Removing bsp_iic.o(i.IIC_NAck), (76 bytes).
    Removing bsp_iic.o(i.IIC_Read_Byte), (108 bytes).
    Removing bsp_iic.o(i.IIC_Send_Byte), (112 bytes).
    Removing bsp_iic.o(i.IIC_Start), (76 bytes).
    Removing bsp_iic.o(i.IIC_Stop), (76 bytes).
    Removing bsp_iic.o(i.IIC_Wait_Ack), (100 bytes).
    Removing bsp_iic.o(i.delay), (16 bytes).
    Removing bsp_dma.o(.rev16_text), (4 bytes).
    Removing bsp_dma.o(.revsh_text), (4 bytes).
    Removing bsp_dma.o(.rrx_text), (6 bytes).
    Removing bsp_dma.o(i.DMA_Enable), (36 bytes).
    Removing bsp_delay.o(.rev16_text), (4 bytes).
    Removing bsp_delay.o(.revsh_text), (4 bytes).
    Removing bsp_delay.o(.rrx_text), (6 bytes).
    Removing bsp_delay.o(i.delay_us), (48 bytes).
    Removing bsp_adc.o(.rev16_text), (4 bytes).
    Removing bsp_adc.o(.revsh_text), (4 bytes).
    Removing bsp_adc.o(.rrx_text), (6 bytes).
    Removing bsp_adc.o(i.T_Get_Temp), (42 bytes).
    Removing bsp_key.o(.rev16_text), (4 bytes).
    Removing bsp_key.o(.revsh_text), (4 bytes).
    Removing bsp_key.o(.rrx_text), (6 bytes).
    Removing sst25vf016b.o(.rev16_text), (4 bytes).
    Removing sst25vf016b.o(.revsh_text), (4 bytes).
    Removing sst25vf016b.o(.rrx_text), (6 bytes).
    Removing sst25vf016b.o(i.FlashReadID), (64 bytes).
    Removing sst25vf016b.o(.data), (1 bytes).
    Removing sdio_sdcard.o(.rev16_text), (4 bytes).
    Removing sdio_sdcard.o(.revsh_text), (4 bytes).
    Removing sdio_sdcard.o(.rrx_text), (6 bytes).
    Removing sdio_sdcard.o(i.SD_GetState), (26 bytes).
    Removing sdio_sdcard.o(i.SD_PowerOFF), (12 bytes).
    Removing sdio_sdcard.o(i.SD_SendStatus), (84 bytes).
    Removing event_groups.o(i.uxEventGroupGetNumber), (14 bytes).
    Removing event_groups.o(i.vEventGroupClearBitsCallback), (16 bytes).
    Removing event_groups.o(i.vEventGroupDelete), (68 bytes).
    Removing event_groups.o(i.vEventGroupSetBitsCallback), (16 bytes).
    Removing event_groups.o(i.xEventGroupClearBits), (64 bytes).
    Removing event_groups.o(i.xEventGroupGetBitsFromISR), (28 bytes).
    Removing event_groups.o(i.xEventGroupSync), (186 bytes).
    Removing queue.o(i.prvCopyDataFromQueue), (42 bytes).
    Removing queue.o(i.prvCopyDataToQueue), (110 bytes).
    Removing queue.o(i.prvIsQueueEmpty), (26 bytes).
    Removing queue.o(i.prvIsQueueFull), (30 bytes).
    Removing queue.o(i.prvUnlockQueue), (126 bytes).
    Removing queue.o(i.ucQueueGetQueueType), (8 bytes).
    Removing queue.o(i.uxQueueGetQueueNumber), (6 bytes).
    Removing queue.o(i.uxQueueMessagesWaiting), (28 bytes).
    Removing queue.o(i.uxQueueMessagesWaitingFromISR), (20 bytes).
    Removing queue.o(i.uxQueueSpacesAvailable), (34 bytes).
    Removing queue.o(i.vQueueDelete), (24 bytes).
    Removing queue.o(i.vQueueSetQueueNumber), (4 bytes).
    Removing queue.o(i.xQueueGenericCreate), (106 bytes).
    Removing queue.o(i.xQueueGenericReceive), (290 bytes).
    Removing queue.o(i.xQueueGenericReset), (120 bytes).
    Removing queue.o(i.xQueueGenericSend), (296 bytes).
    Removing queue.o(i.xQueueGenericSendFromISR), (172 bytes).
    Removing queue.o(i.xQueueGiveFromISR), (148 bytes).
    Removing queue.o(i.xQueueIsQueueEmptyFromISR), (28 bytes).
    Removing queue.o(i.xQueueIsQueueFullFromISR), (32 bytes).
    Removing queue.o(i.xQueuePeekFromISR), (110 bytes).
    Removing queue.o(i.xQueueReceiveFromISR), (136 bytes).
    Removing tasks.o(i.prvTaskIsTaskSuspended), (76 bytes).
    Removing tasks.o(i.ulTaskNotifyTake), (180 bytes).
    Removing tasks.o(i.uxTaskGetNumberOfTasks), (12 bytes).
    Removing tasks.o(i.uxTaskGetTaskNumber), (14 bytes).
    Removing tasks.o(i.uxTaskPriorityGet), (36 bytes).
    Removing tasks.o(i.uxTaskPriorityGetFromISR), (48 bytes).
    Removing tasks.o(i.vTaskDelay), (112 bytes).
    Removing tasks.o(i.vTaskDelayUntil), (192 bytes).
    Removing tasks.o(i.vTaskDelete), (192 bytes).
    Removing tasks.o(i.vTaskEndScheduler), (24 bytes).
    Removing tasks.o(i.vTaskMissedYield), (12 bytes).
    Removing tasks.o(i.vTaskNotifyGiveFromISR), (180 bytes).
    Removing tasks.o(i.vTaskPlaceOnEventList), (112 bytes).
    Removing tasks.o(i.vTaskPrioritySet), (236 bytes).
    Removing tasks.o(i.vTaskResume), (116 bytes).
    Removing tasks.o(i.vTaskSetTaskNumber), (8 bytes).
    Removing tasks.o(i.vTaskSetTimeOutState), (36 bytes).
    Removing tasks.o(i.vTaskSuspend), (200 bytes).
    Removing tasks.o(i.xTaskCheckForTimeOut), (116 bytes).
    Removing tasks.o(i.xTaskGenericNotify), (216 bytes).
    Removing tasks.o(i.xTaskGenericNotifyFromISR), (260 bytes).
    Removing tasks.o(i.xTaskGetTickCount), (12 bytes).
    Removing tasks.o(i.xTaskGetTickCountFromISR), (20 bytes).
    Removing tasks.o(i.xTaskNotifyStateClear), (56 bytes).
    Removing tasks.o(i.xTaskNotifyWait), (212 bytes).
    Removing tasks.o(i.xTaskRemoveFromEventList), (140 bytes).
    Removing tasks.o(i.xTaskResumeFromISR), (148 bytes).
    Removing heap_4.o(i.vPortInitialiseBlocks), (2 bytes).
    Removing heap_4.o(i.xPortGetFreeHeapSize), (12 bytes).
    Removing heap_4.o(i.xPortGetMinimumEverFreeHeapSize), (12 bytes).
    Removing port.o(i.vPortEndScheduler), (36 bytes).
    Removing port.o(i.vPortValidateInterruptPriority), (92 bytes).
    Removing diskio.o(.rev16_text), (4 bytes).
    Removing diskio.o(.revsh_text), (4 bytes).
    Removing diskio.o(.rrx_text), (6 bytes).
    Removing diskio.o(i.disk_ioctl), (112 bytes).
    Removing ff.o(i.clmt_clust), (50 bytes).
    Removing ff.o(i.dir_read), (210 bytes).
    Removing ff.o(i.dir_remove), (96 bytes).
    Removing ff.o(i.f_close), (34 bytes).
    Removing ff.o(i.f_closedir), (24 bytes).
    Removing ff.o(i.f_findfirst), (42 bytes).
    Removing ff.o(i.f_findnext), (54 bytes).
    Removing ff.o(i.f_getfree), (246 bytes).
    Removing ff.o(i.f_getlabel), (188 bytes).
    Removing ff.o(i.f_gets), (82 bytes).
    Removing ff.o(i.f_lseek), (688 bytes).
    Removing ff.o(i.f_mkdir), (304 bytes).
    Removing ff.o(i.f_mkfs), (1892 bytes).
    Removing ff.o(i.f_opendir), (138 bytes).
    Removing ff.o(i.f_printf), (618 bytes).
    Removing ff.o(i.f_putc), (34 bytes).
    Removing ff.o(i.f_puts), (44 bytes).
    Removing ff.o(i.f_read), (428 bytes).
    Removing ff.o(i.f_readdir), (104 bytes).
    Removing ff.o(i.f_rename), (316 bytes).
    Removing ff.o(i.f_setlabel), (308 bytes).
    Removing ff.o(i.f_stat), (88 bytes).
    Removing ff.o(i.f_sync), (160 bytes).
    Removing ff.o(i.f_truncate), (178 bytes).
    Removing ff.o(i.f_unlink), (196 bytes).
    Removing ff.o(i.f_write), (494 bytes).
    Removing ff.o(i.get_achar), (62 bytes).
    Removing ff.o(i.get_fileinfo), (374 bytes).
    Removing ff.o(i.pattern_matching), (196 bytes).
    Removing ff.o(i.pick_lfn), (136 bytes).
    Removing ff.o(i.put_utf), (66 bytes).
    Removing ff.o(i.putc_bfd), (68 bytes).
    Removing ff.o(i.putc_flush), (44 bytes).
    Removing ff.o(i.putc_init), (20 bytes).
    Removing ff.o(i.sync_fs), (144 bytes).
    Removing ff.o(i.validate), (60 bytes).
    Removing misc.o(.rev16_text), (4 bytes).
    Removing misc.o(.revsh_text), (4 bytes).
    Removing misc.o(.rrx_text), (6 bytes).
    Removing misc.o(i.NVIC_SetVectorTable), (20 bytes).
    Removing misc.o(i.NVIC_SystemLPConfig), (32 bytes).
    Removing misc.o(i.SysTick_CLKSourceConfig), (40 bytes).
    Removing stm32f10x_adc.o(.rev16_text), (4 bytes).
    Removing stm32f10x_adc.o(.revsh_text), (4 bytes).
    Removing stm32f10x_adc.o(.rrx_text), (6 bytes).
    Removing stm32f10x_adc.o(i.ADC_AnalogWatchdogCmd), (20 bytes).
    Removing stm32f10x_adc.o(i.ADC_AnalogWatchdogSingleChannelConfig), (16 bytes).
    Removing stm32f10x_adc.o(i.ADC_AnalogWatchdogThresholdsConfig), (6 bytes).
    Removing stm32f10x_adc.o(i.ADC_AutoInjectedConvCmd), (22 bytes).
    Removing stm32f10x_adc.o(i.ADC_ClearFlag), (6 bytes).
    Removing stm32f10x_adc.o(i.ADC_ClearITPendingBit), (10 bytes).
    Removing stm32f10x_adc.o(i.ADC_DMACmd), (22 bytes).
    Removing stm32f10x_adc.o(i.ADC_DiscModeChannelCountConfig), (24 bytes).
    Removing stm32f10x_adc.o(i.ADC_DiscModeCmd), (22 bytes).
    Removing stm32f10x_adc.o(i.ADC_ExternalTrigConvCmd), (22 bytes).
    Removing stm32f10x_adc.o(i.ADC_ExternalTrigInjectedConvCmd), (22 bytes).
    Removing stm32f10x_adc.o(i.ADC_ExternalTrigInjectedConvConfig), (16 bytes).
    Removing stm32f10x_adc.o(i.ADC_GetDualModeConversionValue), (12 bytes).
    Removing stm32f10x_adc.o(i.ADC_GetITStatus), (36 bytes).
    Removing stm32f10x_adc.o(i.ADC_GetInjectedConversionValue), (28 bytes).
    Removing stm32f10x_adc.o(i.ADC_GetSoftwareStartConvStatus), (20 bytes).
    Removing stm32f10x_adc.o(i.ADC_GetSoftwareStartInjectedConvCmdStatus), (20 bytes).
    Removing stm32f10x_adc.o(i.ADC_ITConfig), (24 bytes).
    Removing stm32f10x_adc.o(i.ADC_InjectedChannelConfig), (130 bytes).
    Removing stm32f10x_adc.o(i.ADC_InjectedDiscModeCmd), (22 bytes).
    Removing stm32f10x_adc.o(i.ADC_InjectedSequencerLengthConfig), (24 bytes).
    Removing stm32f10x_adc.o(i.ADC_SetInjectedOffset), (20 bytes).
    Removing stm32f10x_adc.o(i.ADC_SoftwareStartInjectedConvCmd), (22 bytes).
    Removing stm32f10x_adc.o(i.ADC_StructInit), (18 bytes).
    Removing stm32f10x_dma.o(.rev16_text), (4 bytes).
    Removing stm32f10x_dma.o(.revsh_text), (4 bytes).
    Removing stm32f10x_dma.o(.rrx_text), (6 bytes).
    Removing stm32f10x_dma.o(i.DMA_ClearFlag), (28 bytes).
    Removing stm32f10x_dma.o(i.DMA_ClearITPendingBit), (28 bytes).
    Removing stm32f10x_dma.o(i.DMA_GetCurrDataCounter), (8 bytes).
    Removing stm32f10x_dma.o(i.DMA_GetFlagStatus), (44 bytes).
    Removing stm32f10x_dma.o(i.DMA_GetITStatus), (44 bytes).
    Removing stm32f10x_dma.o(i.DMA_SetCurrDataCounter), (4 bytes).
    Removing stm32f10x_dma.o(i.DMA_StructInit), (26 bytes).
    Removing stm32f10x_exti.o(.rev16_text), (4 bytes).
    Removing stm32f10x_exti.o(.revsh_text), (4 bytes).
    Removing stm32f10x_exti.o(.rrx_text), (6 bytes).
    Removing stm32f10x_exti.o(i.EXTI_ClearFlag), (12 bytes).
    Removing stm32f10x_exti.o(i.EXTI_DeInit), (36 bytes).
    Removing stm32f10x_exti.o(i.EXTI_GenerateSWInterrupt), (16 bytes).
    Removing stm32f10x_exti.o(i.EXTI_GetFlagStatus), (24 bytes).
    Removing stm32f10x_exti.o(i.EXTI_GetITStatus), (40 bytes).
    Removing stm32f10x_exti.o(i.EXTI_StructInit), (16 bytes).
    Removing stm32f10x_gpio.o(.rev16_text), (4 bytes).
    Removing stm32f10x_gpio.o(.revsh_text), (4 bytes).
    Removing stm32f10x_gpio.o(.rrx_text), (6 bytes).
    Removing stm32f10x_gpio.o(i.GPIO_AFIODeInit), (20 bytes).
    Removing stm32f10x_gpio.o(i.GPIO_DeInit), (200 bytes).
    Removing stm32f10x_gpio.o(i.GPIO_ETH_MediaInterfaceConfig), (12 bytes).
    Removing stm32f10x_gpio.o(i.GPIO_EventOutputCmd), (12 bytes).
    Removing stm32f10x_gpio.o(i.GPIO_EventOutputConfig), (32 bytes).
    Removing stm32f10x_gpio.o(i.GPIO_PinLockConfig), (18 bytes).
    Removing stm32f10x_gpio.o(i.GPIO_PinRemapConfig), (144 bytes).
    Removing stm32f10x_gpio.o(i.GPIO_ReadInputData), (8 bytes).
    Removing stm32f10x_gpio.o(i.GPIO_ReadOutputData), (8 bytes).
    Removing stm32f10x_gpio.o(i.GPIO_ReadOutputDataBit), (18 bytes).
    Removing stm32f10x_gpio.o(i.GPIO_StructInit), (16 bytes).
    Removing stm32f10x_gpio.o(i.GPIO_Write), (4 bytes).
    Removing stm32f10x_gpio.o(i.GPIO_WriteBit), (10 bytes).
    Removing stm32f10x_rcc.o(.rev16_text), (4 bytes).
    Removing stm32f10x_rcc.o(.revsh_text), (4 bytes).
    Removing stm32f10x_rcc.o(.rrx_text), (6 bytes).
    Removing stm32f10x_rcc.o(i.RCC_APB1PeriphResetCmd), (32 bytes).
    Removing stm32f10x_rcc.o(i.RCC_AdjustHSICalibrationValue), (24 bytes).
    Removing stm32f10x_rcc.o(i.RCC_BackupResetCmd), (12 bytes).
    Removing stm32f10x_rcc.o(i.RCC_ClearFlag), (20 bytes).
    Removing stm32f10x_rcc.o(i.RCC_ClearITPendingBit), (12 bytes).
    Removing stm32f10x_rcc.o(i.RCC_ClockSecuritySystemCmd), (12 bytes).
    Removing stm32f10x_rcc.o(i.RCC_DeInit), (76 bytes).
    Removing stm32f10x_rcc.o(i.RCC_GetFlagStatus), (60 bytes).
    Removing stm32f10x_rcc.o(i.RCC_GetITStatus), (24 bytes).
    Removing stm32f10x_rcc.o(i.RCC_GetSYSCLKSource), (16 bytes).
    Removing stm32f10x_rcc.o(i.RCC_HCLKConfig), (24 bytes).
    Removing stm32f10x_rcc.o(i.RCC_HSEConfig), (76 bytes).
    Removing stm32f10x_rcc.o(i.RCC_HSICmd), (12 bytes).
    Removing stm32f10x_rcc.o(i.RCC_ITConfig), (32 bytes).
    Removing stm32f10x_rcc.o(i.RCC_LSEConfig), (52 bytes).
    Removing stm32f10x_rcc.o(i.RCC_LSICmd), (12 bytes).
    Removing stm32f10x_rcc.o(i.RCC_MCOConfig), (12 bytes).
    Removing stm32f10x_rcc.o(i.RCC_PCLK1Config), (24 bytes).
    Removing stm32f10x_rcc.o(i.RCC_PCLK2Config), (24 bytes).
    Removing stm32f10x_rcc.o(i.RCC_PLLCmd), (12 bytes).
    Removing stm32f10x_rcc.o(i.RCC_PLLConfig), (28 bytes).
    Removing stm32f10x_rcc.o(i.RCC_RTCCLKCmd), (12 bytes).
    Removing stm32f10x_rcc.o(i.RCC_RTCCLKConfig), (16 bytes).
    Removing stm32f10x_rcc.o(i.RCC_SYSCLKConfig), (24 bytes).
    Removing stm32f10x_rcc.o(i.RCC_USBCLKConfig), (12 bytes).
    Removing stm32f10x_rcc.o(i.RCC_WaitForHSEStartUp), (56 bytes).
    Removing stm32f10x_sdio.o(.rev16_text), (4 bytes).
    Removing stm32f10x_sdio.o(.revsh_text), (4 bytes).
    Removing stm32f10x_sdio.o(.rrx_text), (6 bytes).
    Removing stm32f10x_sdio.o(i.SDIO_CEATAITCmd), (16 bytes).
    Removing stm32f10x_sdio.o(i.SDIO_ClearITPendingBit), (12 bytes).
    Removing stm32f10x_sdio.o(i.SDIO_CmdStructInit), (14 bytes).
    Removing stm32f10x_sdio.o(i.SDIO_CommandCompletionCmd), (12 bytes).
    Removing stm32f10x_sdio.o(i.SDIO_DataStructInit), (20 bytes).
    Removing stm32f10x_sdio.o(i.SDIO_GetCommandResponse), (12 bytes).
    Removing stm32f10x_sdio.o(i.SDIO_GetDataCounter), (12 bytes).
    Removing stm32f10x_sdio.o(i.SDIO_GetFIFOCount), (12 bytes).
    Removing stm32f10x_sdio.o(i.SDIO_GetITStatus), (24 bytes).
    Removing stm32f10x_sdio.o(i.SDIO_GetResponse), (24 bytes).
    Removing stm32f10x_sdio.o(i.SDIO_ITConfig), (32 bytes).
    Removing stm32f10x_sdio.o(i.SDIO_SendCEATACmd), (12 bytes).
    Removing stm32f10x_sdio.o(i.SDIO_SendSDIOSuspendCmd), (12 bytes).
    Removing stm32f10x_sdio.o(i.SDIO_SetSDIOOperation), (12 bytes).
    Removing stm32f10x_sdio.o(i.SDIO_SetSDIOReadWaitMode), (12 bytes).
    Removing stm32f10x_sdio.o(i.SDIO_StartSDIOReadWait), (12 bytes).
    Removing stm32f10x_sdio.o(i.SDIO_StopSDIOReadWait), (12 bytes).
    Removing stm32f10x_sdio.o(i.SDIO_StructInit), (16 bytes).
    Removing stm32f10x_spi.o(.rev16_text), (4 bytes).
    Removing stm32f10x_spi.o(.revsh_text), (4 bytes).
    Removing stm32f10x_spi.o(.rrx_text), (6 bytes).
    Removing stm32f10x_spi.o(i.I2S_Cmd), (24 bytes).
    Removing stm32f10x_spi.o(i.I2S_Init), (232 bytes).
    Removing stm32f10x_spi.o(i.I2S_StructInit), (20 bytes).
    Removing stm32f10x_spi.o(i.SPI_BiDirectionalLineConfig), (28 bytes).
    Removing stm32f10x_spi.o(i.SPI_CalculateCRC), (24 bytes).
    Removing stm32f10x_spi.o(i.SPI_DataSizeConfig), (18 bytes).
    Removing stm32f10x_spi.o(i.SPI_GetCRC), (16 bytes).
    Removing stm32f10x_spi.o(i.SPI_GetCRCPolynomial), (6 bytes).
    Removing stm32f10x_spi.o(i.SPI_I2S_ClearFlag), (6 bytes).
    Removing stm32f10x_spi.o(i.SPI_I2S_ClearITPendingBit), (20 bytes).
    Removing stm32f10x_spi.o(i.SPI_I2S_DMACmd), (18 bytes).
    Removing stm32f10x_spi.o(i.SPI_I2S_DeInit), (88 bytes).
    Removing stm32f10x_spi.o(i.SPI_I2S_GetITStatus), (52 bytes).
    Removing stm32f10x_spi.o(i.SPI_I2S_ITConfig), (32 bytes).
    Removing stm32f10x_spi.o(i.SPI_NSSInternalSoftwareConfig), (30 bytes).
    Removing stm32f10x_spi.o(i.SPI_SSOutputCmd), (24 bytes).
    Removing stm32f10x_spi.o(i.SPI_StructInit), (24 bytes).
    Removing stm32f10x_spi.o(i.SPI_TransmitCRC), (10 bytes).
    Removing stm32f10x_tim.o(.rev16_text), (4 bytes).
    Removing stm32f10x_tim.o(.revsh_text), (4 bytes).
    Removing stm32f10x_tim.o(.rrx_text), (6 bytes).
    Removing stm32f10x_tim.o(i.TI1_Config), (128 bytes).
    Removing stm32f10x_tim.o(i.TI2_Config), (152 bytes).
    Removing stm32f10x_tim.o(i.TI3_Config), (144 bytes).
    Removing stm32f10x_tim.o(i.TI4_Config), (152 bytes).
    Removing stm32f10x_tim.o(i.TIM_BDTRConfig), (32 bytes).
    Removing stm32f10x_tim.o(i.TIM_BDTRStructInit), (18 bytes).
    Removing stm32f10x_tim.o(i.TIM_CCPreloadControl), (24 bytes).
    Removing stm32f10x_tim.o(i.TIM_CCxCmd), (30 bytes).
    Removing stm32f10x_tim.o(i.TIM_CCxNCmd), (30 bytes).
    Removing stm32f10x_tim.o(i.TIM_ClearFlag), (6 bytes).
    Removing stm32f10x_tim.o(i.TIM_ClearOC1Ref), (18 bytes).
    Removing stm32f10x_tim.o(i.TIM_ClearOC2Ref), (24 bytes).
    Removing stm32f10x_tim.o(i.TIM_ClearOC3Ref), (18 bytes).
    Removing stm32f10x_tim.o(i.TIM_ClearOC4Ref), (24 bytes).
    Removing stm32f10x_tim.o(i.TIM_CounterModeConfig), (18 bytes).
    Removing stm32f10x_tim.o(i.TIM_CtrlPWMOutputs), (30 bytes).
    Removing stm32f10x_tim.o(i.TIM_DMACmd), (18 bytes).
    Removing stm32f10x_tim.o(i.TIM_DMAConfig), (10 bytes).
    Removing stm32f10x_tim.o(i.TIM_DeInit), (488 bytes).
    Removing stm32f10x_tim.o(i.TIM_ETRClockMode1Config), (54 bytes).
    Removing stm32f10x_tim.o(i.TIM_ETRClockMode2Config), (32 bytes).
    Removing stm32f10x_tim.o(i.TIM_ETRConfig), (28 bytes).
    Removing stm32f10x_tim.o(i.TIM_EncoderInterfaceConfig), (66 bytes).
    Removing stm32f10x_tim.o(i.TIM_ForcedOC1Config), (18 bytes).
    Removing stm32f10x_tim.o(i.TIM_ForcedOC2Config), (26 bytes).
    Removing stm32f10x_tim.o(i.TIM_ForcedOC3Config), (18 bytes).
    Removing stm32f10x_tim.o(i.TIM_ForcedOC4Config), (26 bytes).
    Removing stm32f10x_tim.o(i.TIM_GenerateEvent), (4 bytes).
    Removing stm32f10x_tim.o(i.TIM_GetCapture1), (6 bytes).
    Removing stm32f10x_tim.o(i.TIM_GetCapture2), (6 bytes).
    Removing stm32f10x_tim.o(i.TIM_GetCapture3), (6 bytes).
    Removing stm32f10x_tim.o(i.TIM_GetCapture4), (8 bytes).
    Removing stm32f10x_tim.o(i.TIM_GetCounter), (6 bytes).
    Removing stm32f10x_tim.o(i.TIM_GetFlagStatus), (18 bytes).
    Removing stm32f10x_tim.o(i.TIM_GetPrescaler), (6 bytes).
    Removing stm32f10x_tim.o(i.TIM_ICInit), (172 bytes).
    Removing stm32f10x_tim.o(i.TIM_ICStructInit), (18 bytes).
    Removing stm32f10x_tim.o(i.TIM_ITRxExternalClockConfig), (24 bytes).
    Removing stm32f10x_tim.o(i.TIM_InternalClockConfig), (12 bytes).
    Removing stm32f10x_tim.o(i.TIM_OC1FastConfig), (18 bytes).
    Removing stm32f10x_tim.o(i.TIM_OC1Init), (152 bytes).
    Removing stm32f10x_tim.o(i.TIM_OC1NPolarityConfig), (18 bytes).
    Removing stm32f10x_tim.o(i.TIM_OC1PolarityConfig), (18 bytes).
    Removing stm32f10x_tim.o(i.TIM_OC1PreloadConfig), (18 bytes).
    Removing stm32f10x_tim.o(i.TIM_OC2FastConfig), (26 bytes).
    Removing stm32f10x_tim.o(i.TIM_OC2Init), (164 bytes).
    Removing stm32f10x_tim.o(i.TIM_OC2NPolarityConfig), (26 bytes).
    Removing stm32f10x_tim.o(i.TIM_OC2PolarityConfig), (26 bytes).
    Removing stm32f10x_tim.o(i.TIM_OC2PreloadConfig), (26 bytes).
    Removing stm32f10x_tim.o(i.TIM_OC3FastConfig), (18 bytes).
    Removing stm32f10x_tim.o(i.TIM_OC3Init), (160 bytes).
    Removing stm32f10x_tim.o(i.TIM_OC3NPolarityConfig), (26 bytes).
    Removing stm32f10x_tim.o(i.TIM_OC3PolarityConfig), (26 bytes).
    Removing stm32f10x_tim.o(i.TIM_OC3PreloadConfig), (18 bytes).
    Removing stm32f10x_tim.o(i.TIM_OC4FastConfig), (26 bytes).
    Removing stm32f10x_tim.o(i.TIM_OC4Init), (124 bytes).
    Removing stm32f10x_tim.o(i.TIM_OC4PolarityConfig), (26 bytes).
    Removing stm32f10x_tim.o(i.TIM_OC4PreloadConfig), (26 bytes).
    Removing stm32f10x_tim.o(i.TIM_OCStructInit), (20 bytes).
    Removing stm32f10x_tim.o(i.TIM_PWMIConfig), (124 bytes).
    Removing stm32f10x_tim.o(i.TIM_PrescalerConfig), (6 bytes).
    Removing stm32f10x_tim.o(i.TIM_SelectCCDMA), (24 bytes).
    Removing stm32f10x_tim.o(i.TIM_SelectCOM), (24 bytes).
    Removing stm32f10x_tim.o(i.TIM_SelectHallSensor), (24 bytes).
    Removing stm32f10x_tim.o(i.TIM_SelectInputTrigger), (18 bytes).
    Removing stm32f10x_tim.o(i.TIM_SelectMasterSlaveMode), (18 bytes).
    Removing stm32f10x_tim.o(i.TIM_SelectOCxM), (82 bytes).
    Removing stm32f10x_tim.o(i.TIM_SelectOnePulseMode), (18 bytes).
    Removing stm32f10x_tim.o(i.TIM_SelectOutputTrigger), (18 bytes).
    Removing stm32f10x_tim.o(i.TIM_SelectSlaveMode), (18 bytes).
    Removing stm32f10x_tim.o(i.TIM_SetAutoreload), (4 bytes).
    Removing stm32f10x_tim.o(i.TIM_SetClockDivision), (18 bytes).
    Removing stm32f10x_tim.o(i.TIM_SetCompare1), (4 bytes).
    Removing stm32f10x_tim.o(i.TIM_SetCompare2), (4 bytes).
    Removing stm32f10x_tim.o(i.TIM_SetCompare3), (4 bytes).
    Removing stm32f10x_tim.o(i.TIM_SetCompare4), (6 bytes).
    Removing stm32f10x_tim.o(i.TIM_SetCounter), (4 bytes).
    Removing stm32f10x_tim.o(i.TIM_SetIC1Prescaler), (18 bytes).
    Removing stm32f10x_tim.o(i.TIM_SetIC2Prescaler), (26 bytes).
    Removing stm32f10x_tim.o(i.TIM_SetIC3Prescaler), (18 bytes).
    Removing stm32f10x_tim.o(i.TIM_SetIC4Prescaler), (26 bytes).
    Removing stm32f10x_tim.o(i.TIM_TIxExternalClockConfig), (62 bytes).
    Removing stm32f10x_tim.o(i.TIM_TimeBaseStructInit), (18 bytes).
    Removing stm32f10x_tim.o(i.TIM_UpdateDisableConfig), (24 bytes).
    Removing stm32f10x_tim.o(i.TIM_UpdateRequestConfig), (24 bytes).
    Removing stm32f10x_usart.o(.rev16_text), (4 bytes).
    Removing stm32f10x_usart.o(.revsh_text), (4 bytes).
    Removing stm32f10x_usart.o(.rrx_text), (6 bytes).
    Removing stm32f10x_usart.o(i.USART_ClearFlag), (18 bytes).
    Removing stm32f10x_usart.o(i.USART_ClearITPendingBit), (30 bytes).
    Removing stm32f10x_usart.o(i.USART_ClockInit), (34 bytes).
    Removing stm32f10x_usart.o(i.USART_ClockStructInit), (12 bytes).
    Removing stm32f10x_usart.o(i.USART_DeInit), (156 bytes).
    Removing stm32f10x_usart.o(i.USART_GetFlagStatus), (26 bytes).
    Removing stm32f10x_usart.o(i.USART_GetITStatus), (84 bytes).
    Removing stm32f10x_usart.o(i.USART_HalfDuplexCmd), (24 bytes).
    Removing stm32f10x_usart.o(i.USART_IrDACmd), (24 bytes).
    Removing stm32f10x_usart.o(i.USART_IrDAConfig), (18 bytes).
    Removing stm32f10x_usart.o(i.USART_LINBreakDetectLengthConfig), (18 bytes).
    Removing stm32f10x_usart.o(i.USART_LINCmd), (24 bytes).
    Removing stm32f10x_usart.o(i.USART_OneBitMethodCmd), (24 bytes).
    Removing stm32f10x_usart.o(i.USART_OverSampling8Cmd), (22 bytes).
    Removing stm32f10x_usart.o(i.USART_ReceiveData), (10 bytes).
    Removing stm32f10x_usart.o(i.USART_ReceiverWakeUpCmd), (24 bytes).
    Removing stm32f10x_usart.o(i.USART_SendBreak), (10 bytes).
    Removing stm32f10x_usart.o(i.USART_SendData), (8 bytes).
    Removing stm32f10x_usart.o(i.USART_SetAddress), (18 bytes).
    Removing stm32f10x_usart.o(i.USART_SetGuardTime), (16 bytes).
    Removing stm32f10x_usart.o(i.USART_SetPrescaler), (16 bytes).
    Removing stm32f10x_usart.o(i.USART_SmartCardCmd), (24 bytes).
    Removing stm32f10x_usart.o(i.USART_SmartCardNACKCmd), (24 bytes).
    Removing stm32f10x_usart.o(i.USART_StructInit), (24 bytes).
    Removing stm32f10x_usart.o(i.USART_WakeUpConfig), (18 bytes).
    Removing system_stm32f10x.o(.rev16_text), (4 bytes).
    Removing system_stm32f10x.o(.revsh_text), (4 bytes).
    Removing system_stm32f10x.o(.rrx_text), (6 bytes).
    Removing system_stm32f10x.o(i.SystemCoreClockUpdate), (164 bytes).

420 unused section(s) (total 22965 bytes) removed from the image.

==============================================================================

Memory Map of the image

  Image Entry point : 0x00000000

  Load Region LR_IROM1 (Base: 0x08000000, Size: 0x00007650, Max: 0x00080000, ABSOLUTE)

    Execution Region ER_IROM1 (Base: 0x08000000, Size: 0x0000734c, Max: 0x00080000, ABSOLUTE)

    Base Addr    Size         Type   Attr      Idx    E Section Name        Object

    0x08000000   0x00000130   Data   RO         4029    RESET               startup_stm32f10x_hd.o
    0x08000130   0x00000008   Code   RO         4137  * !!!main             c_w.l(__main.o)
    0x08000138   0x00000000   Code   RO         4126    .ARM.Collect$$_printf_percent$$00000000  c_w.l(_printf_percent.o)
    0x08000138   0x00000006   Code   RO         4124    .ARM.Collect$$_printf_percent$$00000009  c_w.l(_printf_d.o)
    0x0800013e   0x00000006   Code   RO         4125    .ARM.Collect$$_printf_percent$$0000000A  c_w.l(_printf_u.o)
    0x08000144   0x00000006   Code   RO         4122    .ARM.Collect$$_printf_percent$$00000013  c_w.l(_printf_c.o)
    0x0800014a   0x00000006   Code   RO         4123    .ARM.Collect$$_printf_percent$$00000014  c_w.l(_printf_s.o)
    0x08000150   0x00000004   Code   RO         4178    .ARM.Collect$$_printf_percent$$00000017  c_w.l(_printf_percent_end.o)
    0x08000154   0x00000002   Code   RO         4228    .ARM.Collect$$libinit$$00000000  c_w.l(libinit.o)
    0x08000156   0x00000000   Code   RO         4239    .ARM.Collect$$libinit$$00000002  c_w.l(libinit2.o)
    0x08000156   0x00000000   Code   RO         4241    .ARM.Collect$$libinit$$00000004  c_w.l(libinit2.o)
    0x08000156   0x00000000   Code   RO         4244    .ARM.Collect$$libinit$$0000000A  c_w.l(libinit2.o)
    0x08000156   0x00000000   Code   RO         4246    .ARM.Collect$$libinit$$0000000C  c_w.l(libinit2.o)
    0x08000156   0x00000000   Code   RO         4248    .ARM.Collect$$libinit$$0000000E  c_w.l(libinit2.o)
    0x08000156   0x00000000   Code   RO         4251    .ARM.Collect$$libinit$$00000011  c_w.l(libinit2.o)
    0x08000156   0x00000000   Code   RO         4253    .ARM.Collect$$libinit$$00000013  c_w.l(libinit2.o)
    0x08000156   0x00000000   Code   RO         4255    .ARM.Collect$$libinit$$00000015  c_w.l(libinit2.o)
    0x08000156   0x00000000   Code   RO         4257    .ARM.Collect$$libinit$$00000017  c_w.l(libinit2.o)
    0x08000156   0x00000000   Code   RO         4259    .ARM.Collect$$libinit$$00000019  c_w.l(libinit2.o)
    0x08000156   0x00000000   Code   RO         4261    .ARM.Collect$$libinit$$0000001B  c_w.l(libinit2.o)
    0x08000156   0x00000000   Code   RO         4263    .ARM.Collect$$libinit$$0000001D  c_w.l(libinit2.o)
    0x08000156   0x00000000   Code   RO         4265    .ARM.Collect$$libinit$$0000001F  c_w.l(libinit2.o)
    0x08000156   0x00000000   Code   RO         4267    .ARM.Collect$$libinit$$00000021  c_w.l(libinit2.o)
    0x08000156   0x00000000   Code   RO         4269    .ARM.Collect$$libinit$$00000023  c_w.l(libinit2.o)
    0x08000156   0x00000000   Code   RO         4271    .ARM.Collect$$libinit$$00000025  c_w.l(libinit2.o)
    0x08000156   0x00000000   Code   RO         4275    .ARM.Collect$$libinit$$0000002C  c_w.l(libinit2.o)
    0x08000156   0x00000000   Code   RO         4277    .ARM.Collect$$libinit$$0000002E  c_w.l(libinit2.o)
    0x08000156   0x00000000   Code   RO         4279    .ARM.Collect$$libinit$$00000030  c_w.l(libinit2.o)
    0x08000156   0x00000000   Code   RO         4281    .ARM.Collect$$libinit$$00000032  c_w.l(libinit2.o)
    0x08000156   0x00000002   Code   RO         4282    .ARM.Collect$$libinit$$00000033  c_w.l(libinit2.o)
    0x08000158   0x00000002   Code   RO         4310    .ARM.Collect$$libshutdown$$00000000  c_w.l(libshutdown.o)
    0x0800015a   0x00000000   Code   RO         4324    .ARM.Collect$$libshutdown$$00000002  c_w.l(libshutdown2.o)
    0x0800015a   0x00000000   Code   RO         4326    .ARM.Collect$$libshutdown$$00000004  c_w.l(libshutdown2.o)
    0x0800015a   0x00000000   Code   RO         4329    .ARM.Collect$$libshutdown$$00000007  c_w.l(libshutdown2.o)
    0x0800015a   0x00000000   Code   RO         4332    .ARM.Collect$$libshutdown$$0000000A  c_w.l(libshutdown2.o)
    0x0800015a   0x00000000   Code   RO         4334    .ARM.Collect$$libshutdown$$0000000C  c_w.l(libshutdown2.o)
    0x0800015a   0x00000000   Code   RO         4337    .ARM.Collect$$libshutdown$$0000000F  c_w.l(libshutdown2.o)
    0x0800015a   0x00000002   Code   RO         4338    .ARM.Collect$$libshutdown$$00000010  c_w.l(libshutdown2.o)
    0x0800015c   0x00000000   Code   RO         4165    .ARM.Collect$$rtentry$$00000000  c_w.l(__rtentry.o)
    0x0800015c   0x00000000   Code   RO         4191    .ARM.Collect$$rtentry$$00000002  c_w.l(__rtentry2.o)
    0x0800015c   0x00000006   Code   RO         4203    .ARM.Collect$$rtentry$$00000004  c_w.l(__rtentry4.o)
    0x08000162   0x00000000   Code   RO         4193    .ARM.Collect$$rtentry$$00000009  c_w.l(__rtentry2.o)
    0x08000162   0x00000004   Code   RO         4194    .ARM.Collect$$rtentry$$0000000A  c_w.l(__rtentry2.o)
    0x08000166   0x00000000   Code   RO         4196    .ARM.Collect$$rtentry$$0000000C  c_w.l(__rtentry2.o)
    0x08000166   0x00000008   Code   RO         4197    .ARM.Collect$$rtentry$$0000000D  c_w.l(__rtentry2.o)
    0x0800016e   0x00000002   Code   RO         4232    .ARM.Collect$$rtexit$$00000000  c_w.l(rtexit.o)
    0x08000170   0x00000000   Code   RO         4284    .ARM.Collect$$rtexit$$00000002  c_w.l(rtexit2.o)
    0x08000170   0x00000004   Code   RO         4285    .ARM.Collect$$rtexit$$00000003  c_w.l(rtexit2.o)
    0x08000174   0x00000006   Code   RO         4286    .ARM.Collect$$rtexit$$00000004  c_w.l(rtexit2.o)
    0x0800017a   0x00000002   PAD
    0x0800017c   0x000000a2   Code   RO         1612    .emb_text           port.o
    0x0800021e   0x00000002   PAD
    0x08000220   0x00000040   Code   RO         4030    .text               startup_stm32f10x_hd.o
    0x08000260   0x00000002   Code   RO         4082    .text               c_w.l(use_no_semi_2.o)
    0x08000262   0x00000002   PAD
    0x08000264   0x00000018   Code   RO         4090    .text               c_w.l(noretval__2printf.o)
    0x0800027c   0x00000028   Code   RO         4092    .text               c_w.l(noretval__2sprintf.o)
    0x080002a4   0x0000004e   Code   RO         4096    .text               c_w.l(_printf_pad.o)
    0x080002f2   0x00000052   Code   RO         4098    .text               c_w.l(_printf_str.o)
    0x08000344   0x00000078   Code   RO         4100    .text               c_w.l(_printf_dec.o)
    0x080003bc   0x00000138   Code   RO         4114    .text               c_w.l(__printf_flags_wp.o)
    0x080004f4   0x00000048   Code   RO         4127    .text               c_w.l(strcpy.o)
    0x0800053c   0x0000003e   Code   RO         4129    .text               c_w.l(strlen.o)
    0x0800057a   0x0000008a   Code   RO         4131    .text               c_w.l(rt_memcpy_v6.o)
    0x08000604   0x00000010   Code   RO         4133    .text               c_w.l(aeabi_memset.o)
    0x08000614   0x00000006   Code   RO         4135    .text               c_w.l(heapauxi.o)
    0x0800061a   0x00000002   Code   RO         4163    .text               c_w.l(use_no_semi.o)
    0x0800061c   0x000000b2   Code   RO         4168    .text               c_w.l(_printf_intcommon.o)
    0x080006ce   0x00000002   PAD
    0x080006d0   0x00000030   Code   RO         4170    .text               c_w.l(_printf_char_common.o)
    0x08000700   0x0000000a   Code   RO         4172    .text               c_w.l(_sputc.o)
    0x0800070a   0x0000002c   Code   RO         4174    .text               c_w.l(_printf_char.o)
    0x08000736   0x00000002   PAD
    0x08000738   0x00000024   Code   RO         4176    .text               c_w.l(_printf_char_file.o)
    0x0800075c   0x00000064   Code   RO         4179    .text               c_w.l(rt_memcpy_w.o)
    0x080007c0   0x00000044   Code   RO         4181    .text               c_w.l(rt_memclr.o)
    0x08000804   0x00000008   Code   RO         4211    .text               c_w.l(ferror.o)
    0x0800080c   0x0000004e   Code   RO         4215    .text               c_w.l(rt_memclr_w.o)
    0x0800085a   0x0000004a   Code   RO         4217    .text               c_w.l(sys_stackheap_outer.o)
    0x080008a4   0x00000012   Code   RO         4221    .text               c_w.l(exit.o)
    0x080008b6   0x00000002   PAD
    0x080008b8   0x00000008   Code   RO         4229    .text               c_w.l(libspace.o)
    0x080008c0   0x00000016   Code   RO         2208    i.ADC_Cmd           stm32f10x_adc.o
    0x080008d6   0x00000002   PAD
    0x080008d8   0x0000005c   Code   RO         2210    i.ADC_DeInit        stm32f10x_adc.o
    0x08000934   0x00000014   Code   RO         2216    i.ADC_GetCalibrationStatus  stm32f10x_adc.o
    0x08000948   0x00000008   Code   RO         2217    i.ADC_GetConversionValue  stm32f10x_adc.o
    0x08000950   0x00000012   Code   RO         2219    i.ADC_GetFlagStatus  stm32f10x_adc.o
    0x08000962   0x00000014   Code   RO         2222    i.ADC_GetResetCalibrationStatus  stm32f10x_adc.o
    0x08000976   0x00000002   PAD
    0x08000978   0x00000050   Code   RO         2226    i.ADC_Init          stm32f10x_adc.o
    0x080009c8   0x000000b8   Code   RO         2230    i.ADC_RegularChannelConfig  stm32f10x_adc.o
    0x08000a80   0x0000000a   Code   RO         2231    i.ADC_ResetCalibration  stm32f10x_adc.o
    0x08000a8a   0x00000016   Code   RO         2233    i.ADC_SoftwareStartConvCmd  stm32f10x_adc.o
    0x08000aa0   0x0000000a   Code   RO         2235    i.ADC_StartCalibration  stm32f10x_adc.o
    0x08000aaa   0x00000002   PAD
    0x08000aac   0x00000024   Code   RO         2237    i.ADC_TempSensorVrefintCmd  stm32f10x_adc.o
    0x08000ad0   0x0000007c   Code   RO          599    i.Adc_Config        bsp_adc.o
    0x08000b4c   0x00000010   Code   RO          167    i.AppObjCreate      task_control.o
    0x08000b5c   0x00000098   Code   RO          168    i.AppTaskCreate     task_control.o
    0x08000bf4   0x00000030   Code   RO          771    i.CmdError          sdio_sdcard.o
    0x08000c24   0x00000060   Code   RO          772    i.CmdResp1Error     sdio_sdcard.o
    0x08000c84   0x00000054   Code   RO          773    i.CmdResp2Error     sdio_sdcard.o
    0x08000cd8   0x00000038   Code   RO          774    i.CmdResp3Error     sdio_sdcard.o
    0x08000d10   0x00000090   Code   RO          775    i.CmdResp6Error     sdio_sdcard.o
    0x08000da0   0x0000004c   Code   RO          776    i.CmdResp7Error     sdio_sdcard.o
    0x08000dec   0x00000010   Code   RO          524    i.DMA1_Channel7_IRQHandler  bsp_dma.o
    0x08000dfc   0x00000018   Code   RO         2438    i.DMA_Cmd           stm32f10x_dma.o
    0x08000e14   0x0000007c   Code   RO          525    i.DMA_Config        bsp_dma.o
    0x08000e90   0x0000014c   Code   RO         2439    i.DMA_DeInit        stm32f10x_dma.o
    0x08000fdc   0x00000012   Code   RO         2443    i.DMA_ITConfig      stm32f10x_dma.o
    0x08000fee   0x0000003c   Code   RO         2444    i.DMA_Init          stm32f10x_dma.o
    0x0800102a   0x00000012   Code   RO          169    i.Delay             task_control.o
    0x0800103c   0x00000028   Code   RO          170    i.EXTI2_IRQHandler  task_control.o
    0x08001064   0x00000024   Code   RO          647    i.EXTI3_IRQHandler  bsp_key.o
    0x08001088   0x00000018   Code   RO          648    i.EXTI9_5_IRQHandler  bsp_key.o
    0x080010a0   0x000000b2   Code   RO          649    i.EXTIX_Init        bsp_key.o
    0x08001152   0x00000002   PAD
    0x08001154   0x0000000c   Code   RO         2521    i.EXTI_ClearITPendingBit  stm32f10x_exti.o
    0x08001160   0x00000094   Code   RO         2526    i.EXTI_Init         stm32f10x_exti.o
    0x080011f4   0x00000194   Code   RO          777    i.FindSCR           sdio_sdcard.o
    0x08001388   0x00000040   Code   RO         2589    i.GPIO_EXTILineConfig  stm32f10x_gpio.o
    0x080013c8   0x00000116   Code   RO         2592    i.GPIO_Init         stm32f10x_gpio.o
    0x080014de   0x00000012   Code   RO         2596    i.GPIO_ReadInputDataBit  stm32f10x_gpio.o
    0x080014f0   0x00000004   Code   RO         2599    i.GPIO_ResetBits    stm32f10x_gpio.o
    0x080014f4   0x00000004   Code   RO         2600    i.GPIO_SetBits      stm32f10x_gpio.o
    0x080014f8   0x00000088   Code   RO          600    i.Get_Temprate      bsp_adc.o
    0x08001580   0x00000004   Code   RO          778    i.INTX_DISABLE      sdio_sdcard.o
    0x08001584   0x00000004   Code   RO          779    i.INTX_ENABLE       sdio_sdcard.o
    0x08001588   0x0000009c   Code   RO          780    i.IsCardProgramming  sdio_sdcard.o
    0x08001624   0x00000024   Code   RO          650    i.KEY_Init          bsp_key.o
    0x08001648   0x00000078   Code   RO          349    i.LED_Config        bsp_led.o
    0x080016c0   0x00000070   Code   RO         2154    i.NVIC_Init         misc.o
    0x08001730   0x00000014   Code   RO         2155    i.NVIC_PriorityGroupConfig  misc.o
    0x08001744   0x00000018   Code   RO         2712    i.RCC_ADCCLKConfig  stm32f10x_rcc.o
    0x0800175c   0x00000020   Code   RO         2713    i.RCC_AHBPeriphClockCmd  stm32f10x_rcc.o
    0x0800177c   0x00000020   Code   RO         2714    i.RCC_APB1PeriphClockCmd  stm32f10x_rcc.o
    0x0800179c   0x00000020   Code   RO         2716    i.RCC_APB2PeriphClockCmd  stm32f10x_rcc.o
    0x080017bc   0x00000020   Code   RO         2717    i.RCC_APB2PeriphResetCmd  stm32f10x_rcc.o
    0x080017dc   0x000000d4   Code   RO         2724    i.RCC_GetClocksFreq  stm32f10x_rcc.o
    0x080018b0   0x000000ac   Code   RO          781    i.SDEnWideBus       sdio_sdcard.o
    0x0800195c   0x0000000c   Code   RO         2925    i.SDIO_ClearFlag    stm32f10x_sdio.o
    0x08001968   0x0000000c   Code   RO         2927    i.SDIO_ClockCmd     stm32f10x_sdio.o
    0x08001974   0x00000014   Code   RO          782    i.SDIO_Clock_Set    sdio_sdcard.o
    0x08001988   0x0000000c   Code   RO         2930    i.SDIO_DMACmd       stm32f10x_sdio.o
    0x08001994   0x00000030   Code   RO         2931    i.SDIO_DataConfig   stm32f10x_sdio.o
    0x080019c4   0x00000024   Code   RO         2933    i.SDIO_DeInit       stm32f10x_sdio.o
    0x080019e8   0x00000018   Code   RO         2937    i.SDIO_GetFlagStatus  stm32f10x_sdio.o
    0x08001a00   0x00000010   Code   RO         2939    i.SDIO_GetPowerState  stm32f10x_sdio.o
    0x08001a10   0x00000008   Code   RO          783    i.SDIO_IRQHandler   sdio_sdcard.o
    0x08001a18   0x00000030   Code   RO         2942    i.SDIO_Init         stm32f10x_sdio.o
    0x08001a48   0x0000000c   Code   RO         2943    i.SDIO_ReadData     stm32f10x_sdio.o
    0x08001a54   0x0000002c   Code   RO         2945    i.SDIO_SendCommand  stm32f10x_sdio.o
    0x08001a80   0x0000001c   Code   RO         2947    i.SDIO_SetPowerState  stm32f10x_sdio.o
    0x08001a9c   0x0000000c   Code   RO         2953    i.SDIO_WriteData    stm32f10x_sdio.o
    0x08001aa8   0x00000068   Code   RO          784    i.SD_DMA_Config     sdio_sdcard.o
    0x08001b10   0x00000068   Code   RO          785    i.SD_EnableWideBusOperation  sdio_sdcard.o
    0x08001b78   0x00000314   Code   RO          786    i.SD_GetCardInfo    sdio_sdcard.o
    0x08001e8c   0x00000100   Code   RO          788    i.SD_Init           sdio_sdcard.o
    0x08001f8c   0x00000154   Code   RO          789    i.SD_InitializeCards  sdio_sdcard.o
    0x080020e0   0x000001dc   Code   RO          791    i.SD_PowerON        sdio_sdcard.o
    0x080022bc   0x0000013c   Code   RO          792    i.SD_ProcessIRQSrc  sdio_sdcard.o
    0x080023f8   0x00000258   Code   RO          793    i.SD_ReadBlock      sdio_sdcard.o
    0x08002650   0x00000098   Code   RO          794    i.SD_ReadDisk       sdio_sdcard.o
    0x080026e8   0x000002e8   Code   RO          795    i.SD_ReadMultiBlocks  sdio_sdcard.o
    0x080029d0   0x00000030   Code   RO          796    i.SD_SelectDeselect  sdio_sdcard.o
    0x08002a00   0x00000018   Code   RO          798    i.SD_SetDeviceMode  sdio_sdcard.o
    0x08002a18   0x00000374   Code   RO          799    i.SD_WriteBlock     sdio_sdcard.o
    0x08002d8c   0x00000098   Code   RO          800    i.SD_WriteDisk      sdio_sdcard.o
    0x08002e24   0x000003c0   Code   RO          801    i.SD_WriteMultiBlocks  sdio_sdcard.o
    0x080031e4   0x000000f8   Code   RO          416    i.SPI1_Init         bsp_spi.o
    0x080032dc   0x0000000a   Code   RO          417    i.SPI1_ReadByte     bsp_spi.o
    0x080032e6   0x00000002   PAD
    0x080032e8   0x00000038   Code   RO          418    i.SPI1_SendByte     bsp_spi.o
    0x08003320   0x00000018   Code   RO         3127    i.SPI_Cmd           stm32f10x_spi.o
    0x08003338   0x00000012   Code   RO         3135    i.SPI_I2S_GetFlagStatus  stm32f10x_spi.o
    0x0800334a   0x00000006   Code   RO         3138    i.SPI_I2S_ReceiveData  stm32f10x_spi.o
    0x08003350   0x00000004   Code   RO         3139    i.SPI_I2S_SendData  stm32f10x_spi.o
    0x08003354   0x0000003c   Code   RO         3140    i.SPI_Init          stm32f10x_spi.o
    0x08003390   0x00000054   Code   RO          694    i.SST25_R_BLOCK     sst25vf016b.o
    0x080033e4   0x000000b0   Code   RO          695    i.SST25_W_BLOCK     sst25vf016b.o
    0x08003494   0x00000008   Code   RO         4037    i.SetSysClock       system_stm32f10x.o
    0x0800349c   0x000000e0   Code   RO         4038    i.SetSysClockTo72   system_stm32f10x.o
    0x0800357c   0x00000020   Code   RO         1613    i.SysTick_Handler   port.o
    0x0800359c   0x00000060   Code   RO         4040    i.SystemInit        system_stm32f10x.o
    0x080035fc   0x00000028   Code   RO          240    i.TIM6_IRQHandler   sysinfo.o
    0x08003624   0x00000018   Code   RO         3282    i.TIM_ARRPreloadConfig  stm32f10x_tim.o
    0x0800363c   0x00000006   Code   RO         3289    i.TIM_ClearITPendingBit  stm32f10x_tim.o
    0x08003642   0x00000018   Code   RO         3294    i.TIM_Cmd           stm32f10x_tim.o
    0x0800365a   0x00000022   Code   RO         3315    i.TIM_GetITStatus   stm32f10x_tim.o
    0x0800367c   0x00000012   Code   RO         3319    i.TIM_ITConfig      stm32f10x_tim.o
    0x0800368e   0x00000002   PAD
    0x08003690   0x000000a4   Code   RO         3365    i.TIM_TimeBaseInit  stm32f10x_tim.o
    0x08003734   0x00000034   Code   RO          601    i.T_Get_Adc         bsp_adc.o
    0x08003768   0x0000002e   Code   RO          602    i.T_Get_Adc_Average  bsp_adc.o
    0x08003796   0x00000018   Code   RO         3842    i.USART_Cmd         stm32f10x_usart.o
    0x080037ae   0x00000002   PAD
    0x080037b0   0x00000150   Code   RO          373    i.USART_Config      bsp_uart.o
    0x08003900   0x00000012   Code   RO         3843    i.USART_DMACmd      stm32f10x_usart.o
    0x08003912   0x0000004a   Code   RO         3848    i.USART_ITConfig    stm32f10x_usart.o
    0x0800395c   0x000000d8   Code   RO         3849    i.USART_Init        stm32f10x_usart.o
    0x08003a34   0x0000000e   Code   RO         4112    i._is_digit         c_w.l(__printf_wp.o)
    0x08003a42   0x00000004   Code   RO          374    i._sys_exit         bsp_uart.o
    0x08003a46   0x00000002   PAD
    0x08003a48   0x000000cc   Code   RO          241    i.bsp_GetRCCofTIM   sysinfo.o
    0x08003b14   0x0000020c   Code   RO          242    i.bsp_SetTIMforInt  sysinfo.o
    0x08003d20   0x000000dc   Code   RO          288    i.bsp_init          bsp.o
    0x08003dfc   0x0000007c   Code   RO         1743    i.check_fs          ff.o
    0x08003e78   0x00000014   Code   RO         1744    i.chk_chr           ff.o
    0x08003e8c   0x0000001a   Code   RO         1746    i.clst2sect         ff.o
    0x08003ea6   0x00000002   PAD
    0x08003ea8   0x00000098   Code   RO         1747    i.cmp_lfn           ff.o
    0x08003f40   0x00000012   Code   RO          802    i.convert_from_bytes_to_power_of_two  sdio_sdcard.o
    0x08003f52   0x00000120   Code   RO         1748    i.create_chain      ff.o
    0x08004072   0x00000002   PAD
    0x08004074   0x00000254   Code   RO         1749    i.create_name       ff.o
    0x080042c8   0x00000034   Code   RO         1750    i.dbc_1st           ff.o
    0x080042fc   0x00000048   Code   RO         1751    i.dbc_2nd           ff.o
    0x08004344   0x0000000c   Code   RO          563    i.delay_init        bsp_delay.o
    0x08004350   0x00000038   Code   RO          564    i.delay_ms          bsp_delay.o
    0x08004388   0x00000060   Code   RO         1752    i.dir_alloc         ff.o
    0x080043e8   0x000000c2   Code   RO         1753    i.dir_clear         ff.o
    0x080044aa   0x000000fc   Code   RO         1754    i.dir_find          ff.o
    0x080045a6   0x000000c6   Code   RO         1755    i.dir_next          ff.o
    0x0800466c   0x00000142   Code   RO         1757    i.dir_register      ff.o
    0x080047ae   0x0000009a   Code   RO         1759    i.dir_sdi           ff.o
    0x08004848   0x00000028   Code   RO         1686    i.disk_initialize   diskio.o
    0x08004870   0x00000068   Code   RO         1688    i.disk_read         diskio.o
    0x080048d8   0x00000006   Code   RO         1689    i.disk_status       diskio.o
    0x080048de   0x00000068   Code   RO         1690    i.disk_write        diskio.o
    0x08004946   0x00000002   PAD
    0x08004948   0x00000054   Code   RO         1770    i.f_mount           ff.o
    0x0800499c   0x00000206   Code   RO         1771    i.f_open            ff.o
    0x08004ba2   0x00000002   PAD
    0x08004ba4   0x0000030c   Code   RO         1785    i.find_volume       ff.o
    0x08004eb0   0x0000009e   Code   RO         1786    i.follow_path       ff.o
    0x08004f4e   0x00000002   PAD
    0x08004f50   0x0000001c   Code   RO          375    i.fputc             bsp_uart.o
    0x08004f6c   0x000000cc   Code   RO         1787    i.gen_numname       ff.o
    0x08005038   0x000000e0   Code   RO         1789    i.get_fat           ff.o
    0x08005118   0x00000004   Code   RO         1691    i.get_fattime       diskio.o
    0x0800511c   0x0000004e   Code   RO         1791    i.get_ldnumber      ff.o
    0x0800516a   0x00000026   Code   RO         1792    i.ld_clust          ff.o
    0x08005190   0x00000018   Code   RO         1793    i.ld_dword          ff.o
    0x080051a8   0x0000000c   Code   RO         1794    i.ld_word           ff.o
    0x080051b4   0x00000020   Code   RO            4    i.main              main.o
    0x080051d4   0x00000024   Code   RO         1795    i.mem_cmp           ff.o
    0x080051f8   0x0000001a   Code   RO         1796    i.mem_cpy           ff.o
    0x08005212   0x00000012   Code   RO         1797    i.mem_set           ff.o
    0x08005224   0x00000034   Code   RO         1798    i.move_window       ff.o
    0x08005258   0x00000054   Code   RO         1252    i.prvAddCurrentTaskToDelayedList  tasks.o
    0x080052ac   0x00000042   Code   RO         1253    i.prvAllocateTCBAndStack  tasks.o
    0x080052ee   0x00000002   PAD
    0x080052f0   0x00000064   Code   RO         1254    i.prvCheckTasksWaitingTermination  tasks.o
    0x08005354   0x00000012   Code   RO         1255    i.prvDeleteTCB      tasks.o
    0x08005366   0x00000002   PAD
    0x08005368   0x0000007c   Code   RO         1563    i.prvHeapInit       heap_4.o
    0x080053e4   0x00000018   Code   RO         1256    i.prvIdleTask       tasks.o
    0x080053fc   0x0000005e   Code   RO         1257    i.prvInitialiseTCBVariables  tasks.o
    0x0800545a   0x00000002   PAD
    0x0800545c   0x00000068   Code   RO         1258    i.prvInitialiseTaskLists  tasks.o
    0x080054c4   0x00000068   Code   RO         1564    i.prvInsertBlockIntoFreeList  heap_4.o
    0x0800552c   0x000000b0   Code   RO         1259    i.prvListTaskWithinSingleList  tasks.o
    0x080055dc   0x00000034   Code   RO         1260    i.prvResetNextTaskUnblockTime  tasks.o
    0x08005610   0x00000016   Code   RO         1261    i.prvTaskCheckFreeStackSpace  tasks.o
    0x08005626   0x00000002   PAD
    0x08005628   0x00000024   Code   RO         1614    i.prvTaskExitError  port.o
    0x0800564c   0x0000001e   Code   RO         1000    i.prvTestWaitCondition  event_groups.o
    0x0800566a   0x0000002a   Code   RO         1263    i.prvWriteNameToBuffer  tasks.o
    0x08005694   0x00000138   Code   RO         1801    i.put_fat           ff.o
    0x080057cc   0x00000080   Code   RO         1802    i.put_lfn           ff.o
    0x0800584c   0x00000114   Code   RO         1565    i.pvPortMalloc      heap_4.o
    0x08005960   0x00000020   Code   RO         1615    i.pxPortInitialiseStack  port.o
    0x08005980   0x00000028   Code   RO          696    i.rdsr              sst25vf016b.o
    0x080059a8   0x0000009a   Code   RO         1807    i.remove_chain      ff.o
    0x08005a42   0x00000002   PAD
    0x08005a44   0x00000044   Code   RO          697    i.sect_clr          sst25vf016b.o
    0x08005a88   0x00000024   Code   RO         1808    i.st_clust          ff.o
    0x08005aac   0x00000018   Code   RO         1809    i.st_dword          ff.o
    0x08005ac4   0x0000000c   Code   RO         1810    i.st_word           ff.o
    0x08005ad0   0x00000020   Code   RO         1811    i.sum_sfn           ff.o
    0x08005af0   0x0000004a   Code   RO         1813    i.sync_window       ff.o
    0x08005b3a   0x0000004c   Code   RO         1814    i.tchar2uni         ff.o
    0x08005b86   0x00000028   Code   RO         1080    i.uxListRemove      list.o
    0x08005bae   0x00000002   PAD
    0x08005bb0   0x000000a4   Code   RO         1266    i.uxTaskGetSystemState  tasks.o
    0x08005c54   0x0000001c   Code   RO         1270    i.uxTaskResetEventItemValue  tasks.o
    0x08005c70   0x00000028   Code   RO          171    i.vApplicationStackOverflowHook  task_control.o
    0x08005c98   0x0000001a   Code   RO         1081    i.vListInitialise   list.o
    0x08005cb2   0x00000006   Code   RO         1082    i.vListInitialiseItem  list.o
    0x08005cb8   0x00000034   Code   RO         1083    i.vListInsert       list.o
    0x08005cec   0x00000018   Code   RO         1084    i.vListInsertEnd    list.o
    0x08005d04   0x00000044   Code   RO         1617    i.vPortEnterCritical  port.o
    0x08005d48   0x0000002c   Code   RO         1618    i.vPortExitCritical  port.o
    0x08005d74   0x00000078   Code   RO         1566    i.vPortFree         heap_4.o
    0x08005dec   0x00000014   Code   RO         1619    i.vPortSetupTimerInterrupt  port.o
    0x08005e00   0x00000018   Code   RO         1621    i.vPortYield        port.o
    0x08005e18   0x00000018   Code   RO          243    i.vSetupSysInfoTest  sysinfo.o
    0x08005e30   0x000000c0   Code   RO         1275    i.vTaskGetRunTimeStats  tasks.o
    0x08005ef0   0x00000010   Code   RO          172    i.vTaskLED          task_control.o
    0x08005f00   0x000000c8   Code   RO         1276    i.vTaskList         tasks.o
    0x08005fc8   0x00000098   Code   RO         1280    i.vTaskPlaceOnUnorderedEventList  tasks.o
    0x08006060   0x0000003c   Code   RO          173    i.vTaskSPIFLASH     task_control.o
    0x0800609c   0x00000068   Code   RO         1285    i.vTaskStartScheduler  tasks.o
    0x08006104   0x00000010   Code   RO         1287    i.vTaskSuspendAll   tasks.o
    0x08006114   0x000000dc   Code   RO         1288    i.vTaskSwitchContext  tasks.o
    0x080061f0   0x000000e4   Code   RO          174    i.vTaskUART         task_control.o
    0x080062d4   0x00000024   Code   RO          698    i.wdis              sst25vf016b.o
    0x080062f8   0x00000020   Code   RO          699    i.wen               sst25vf016b.o
    0x08006318   0x00000016   Code   RO          700    i.wip               sst25vf016b.o
    0x0800632e   0x00000002   PAD
    0x08006330   0x00000040   Code   RO          701    i.wsr               sst25vf016b.o
    0x08006370   0x0000001a   Code   RO         1006    i.xEventGroupCreate  event_groups.o
    0x0800638a   0x000000b2   Code   RO         1008    i.xEventGroupSetBits  event_groups.o
    0x0800643c   0x000000ee   Code   RO         1010    i.xEventGroupWaitBits  event_groups.o
    0x0800652a   0x00000002   PAD
    0x0800652c   0x000000a0   Code   RO         1622    i.xPortStartScheduler  port.o
    0x080065cc   0x00000138   Code   RO         1290    i.xTaskGenericCreate  tasks.o
    0x08006704   0x0000013c   Code   RO         1295    i.xTaskIncrementTick  tasks.o
    0x08006840   0x00000094   Code   RO         1299    i.xTaskRemoveFromUnorderedEventList  tasks.o
    0x080068d4   0x000000e8   Code   RO         1300    i.xTaskResumeAll    tasks.o
    0x080069bc   0x00000150   Code   RO         4139    x$fpl$dadd          fz_ws.l(daddsub_clz.o)
    0x08006b0c   0x000002b0   Code   RO         4146    x$fpl$ddiv          fz_ws.l(ddiv.o)
    0x08006dbc   0x0000005e   Code   RO         4149    x$fpl$dfix          fz_ws.l(dfix.o)
    0x08006e1a   0x00000002   PAD
    0x08006e1c   0x00000154   Code   RO         4153    x$fpl$dmul          fz_ws.l(dmul.o)
    0x08006f70   0x0000009c   Code   RO         4183    x$fpl$dnaninf       fz_ws.l(dnaninf.o)
    0x0800700c   0x0000000c   Code   RO         4185    x$fpl$dretinf       fz_ws.l(dretinf.o)
    0x08007018   0x000001d4   Code   RO         4141    x$fpl$dsub          fz_ws.l(daddsub_clz.o)
    0x080071ec   0x00000056   Code   RO         4155    x$fpl$f2d           fz_ws.l(f2d.o)
    0x08007242   0x00000002   PAD
    0x08007244   0x00000026   Code   RO         4157    x$fpl$ffltu         fz_ws.l(fflt_clz.o)
    0x0800726a   0x0000008c   Code   RO         4187    x$fpl$fnaninf       fz_ws.l(fnaninf.o)
    0x080072f6   0x00000000   Code   RO         4189    x$fpl$usenofp       fz_ws.l(usenofp.o)
    0x080072f6   0x00000044   Data   RO         1816    .constdata          ff.o
    0x0800733a   0x00000011   Data   RO         4115    .constdata          c_w.l(__printf_flags_wp.o)
    0x0800734b   0x00000001   PAD
    0x0800734c   0x00000000   Data   RO         4356    Region$$Table       anon$$obj.o


    Execution Region RW_IRAM1 (Base: 0x20000000, Size: 0x00007f50, Max: 0x00010000, ABSOLUTE)

    Base Addr    Size         Type   Attr      Idx    E Section Name        Object

    0x20000000   0x0000001d   Data   RW          176    .data               task_control.o
    0x2000001d   0x00000003   PAD
    0x20000020   0x00000004   Data   RW          244    .data               sysinfo.o
    0x20000024   0x0000022e   Data   RW          291    .data               bsp.o
    0x20000252   0x00000002   PAD
    0x20000254   0x00000004   Data   RW          376    .data               bsp_uart.o
    0x20000258   0x00000002   Data   RW          527    .data               bsp_dma.o
    0x2000025a   0x00000002   PAD
    0x2000025c   0x00000010   Data   RW          804    .data               sdio_sdcard.o
    0x2000026c   0x00000040   Data   RW         1303    .data               tasks.o
    0x200002ac   0x00000018   Data   RW         1571    .data               heap_4.o
    0x200002c4   0x0000000c   Data   RW         1623    .data               port.o
    0x200002d0   0x0000000a   Data   RW         1817    .data               ff.o
    0x200002da   0x00000014   Data   RW         2744    .data               stm32f10x_rcc.o
    0x200002ee   0x00000002   PAD
    0x200002f0   0x00000014   Data   RW         4041    .data               system_stm32f10x.o
    0x20000304   0x00001000   Zero   RW          175    .bss                task_control.o
    0x20001304   0x00000460   Zero   RW          290    .bss                bsp.o
    0x20001764   0x00000004   PAD
    0x20001768   0x000002c0   Zero   RW          803    .bss                sdio_sdcard.o
    0x20001a28   0x000000c8   Zero   RW         1302    .bss                tasks.o
    0x20001af0   0x00004400   Zero   RW         1570    .bss                heap_4.o
    0x20005ef0   0x00000060   Zero   RW         4230    .bss                c_w.l(libspace.o)
    0x20005f50   0x00001000   Zero   RW         4028    HEAP                startup_stm32f10x_hd.o
    0x20006f50   0x00001000   Zero   RW         4027    STACK               startup_stm32f10x_hd.o

